Running Gradle task 'assembleRelease'...                        
flutter : 
At line:1 char:43
+ ... elopment_new\digital_arhat'; flutter build apk --release 2>&1 | Tee-O ...
+                                  ~~~~~~~~~~~~~~~~~~~~~~~~~~~~~~~~
    + CategoryInfo          : NotSpecified: (:String) [], RemoteException
    + FullyQualifiedErrorId : NativeCommandError
 
FAILURE: Build failed with an exception.

* What went wrong:
Unable to start the daemon process.
This problem might be caused by incorrect configuration of the daemon.
For example, an unrecognized jvm option is used.For more details on the 
daemon, please refer to 
https://docs.gradle.org/8.14/userguide/gradle_daemon.html in the Gradle 
documentation.
Process command line: F:\downloads\Android studio\jbr\bin\java.exe 
--add-opens=java.base/java.lang=ALL-UNNAMED 
--add-opens=java.base/java.lang.invoke=ALL-UNNAMED 
--add-opens=java.base/java.util=ALL-UNNAMED 
--add-opens=java.prefs/java.util.prefs=ALL-UNNAMED 
--add-exports=jdk.compiler/com.sun.tools.javac.api=ALL-UNNAMED 
--add-exports=jdk.compiler/com.sun.tools.javac.util=ALL-UNNAMED 
--add-opens=java.base/java.util=ALL-UNNAMED 
--add-opens=java.prefs/java.util.prefs=ALL-UNNAMED 
--add-opens=java.base/java.nio.charset=ALL-UNNAMED 
--add-opens=java.base/java.net=ALL-UNNAMED 
--add-opens=java.base/java.util.concurrent.atomic=ALL-UNNAMED 
--add-opens=java.xml/javax.xml.namespace=ALL-UNNAMED -XX:MaxMetaspaceSize=512m 
-XX:+HeapDumpOnOutOfMemoryError -Xmx1536m -Dfile.encoding=UTF-8 
-Duser.country=US -Duser.language=en -Duser.variant -cp F:\.gradle\wrapper\dist
s\gradle-8.14-all\c2qonpi39x1mddn7hk5gh9iqj\gradle-8.14\lib\gradle-daemon-main-
8.14.jar -javaagent:F:\.gradle\wrapper\dists\gradle-8.14-all\c2qonpi39x1mddn7hk
5gh9iqj\gradle-8.14\lib\agents\gradle-instrumentation-agent-8.14.jar 
org.gradle.launcher.daemon.bootstrap.GradleDaemon 8.14
Please read the following process output to find out more:
-----------------------
OpenJDK 64-Bit Server VM warning: INFO: os::commit_memory(0x00000000a0000000, 
134217728, 0) failed; error='The paging file is too small for this operation 
to complete' (DOS error/errno=1455)
#
# There is insufficient memory for the Java Runtime Environment to continue.
# Native memory allocation (mmap) failed to map 134217728 bytes. Error detail: 
G1 virtual space
# An error report file with more information is saved as:
# F:\.gradle\daemon\8.14\hs_err_pid10932.log


* Try:
> Run with --stacktrace option to get the stack trace.
> Run with --info or --debug option to get more log output.
> Run with --scan to get full insights.
> Get more help at https://help.gradle.org.
Running Gradle task 'assembleRelease'...                           10.3s
Gradle task assembleRelease failed with exit code 1
