03-16 01:30:57.117  8918  9006 E msys    : E[N WA]_WAJMNSStreamImplOnMNSFailure(287)=>[LogLevel:I] WAJMNSStream/impl/callback/onMNSFailure/p=0xb4000074cfe89680 (error=SO_ERROR: Connection timed out)
03-16 01:30:57.117  8918  9006 E msys    : E[N WA]_WAJMNSStreamImplCreateConnectionReport(194)=>[LogLevel:I] WAJMNSStream/impl/report port=443, connectedIPVersion=0, resolvedIPAddressCount=0, dnsResolutionStartTimeMS=0, dnsResolutionEndTimeMS=0, dnsCacheHit=N/A, connectStartTimeMS=312688697, connectEndTimeMS=312818656, proxyConnectStartTimeMS=0, proxyConnectEndTimeMS=0
03-16 01:30:57.117  8918  9006 E msys    : E[N WA]_WAJMNSStreamImplUpdateStreamState(230)=>[LogLevel:I] WAJMNSStream/impl/state-changed/p=0xb4000074cfe89680 (connecting=>disconnected)
03-16 01:30:57.208 14927 14927 I ResourceOverlayService_0: waitAndQuit called
03-16 01:30:57.210 14927 14927 I ResourceOverlayService_0: activity user id 0 process id 0
03-16 01:30:57.252  1902  2001 D MobileStatusTracker(0/4): onSignalStrengthsChanged level=4, vendorLevel=4
03-16 01:30:57.255  1902  2001 D MobileSignalController(0/4): notifyListener: enabled=true, connected=true, dataConnected=false, networkType=LTE (4G), emergencyOnly=false, roaming=false, isDefault=false, dataActivity=, level=4, ca=false, mmWave=false, disabledDataIcon=false, simCard=ETC
03-16 01:30:57.256  1902  2001 D NetworkController: SignalStrength from intent slotId=0
03-16 01:30:57.257  9826  9955 I EPDG -- SIM0 [SMARTCELLULAR]: onSignalStrengthsChanged: SignalStrength:{mCdma=Invalid,mGsm=Invalid,mWcdma=Invalid,mTdscdma=Invalid,mLte=CellSignalStrengthLte: rssi=-81 rsrp=-80 rsrq=-19 rssnr=4 cqiTableIndex=2147483647 cqi=2147483647 ta=2147483647 level=4 parametersUseForLevel=0,mNr=Invalid,SignalBarInfo{ lteLevel=4 },rat=14,primary=CellSignalStrengthLte}
03-16 01:30:57.257  9826 10071 I EPDG -- SIM0 [SMARTCELLULAR]: lastLteRSRP is -80 currentLteRSRP is -80 lastLteRSRQ is -16 currentLteRSRQ is -19 lastLteSNR is 3 currentLteSNR is 4
03-16 01:30:57.270   910   910 I BufferQueueProducer: [com.yourname.digital_arhat/com.yourname.digital_arhat.MainActivity$_4820#19521](this:0xb400007059560838,id:-1,api:0,p:-1,c:910) queueBuffer: fps=10.96 dur=1003.52 max=110.55 min=47.19
03-16 01:30:57.274   857   935 I hwcomposer: [HWCDisplay] [Display_0 (type:1)] fps:11.033388,dur:1087.61,max:111.44,min:47.69  
03-16 01:30:57.792  1854  1854 I WifiHAL : Get link layer stats
03-16 01:30:57.792  1854  1854 I WifiHAL : GetLinkStatsCommand::create
03-16 01:30:57.792  1854  1854 D android.hardware.wifi@1.0-service-lazy: WifiRequest::create vendor command to iface 40, vendor_id=0x1a11, subcmd=0x1200, res=0
03-16 01:30:57.792  1854  1854 I android.hardware.wifi@1.0-service-lazy: WifiCommand::requestResponse err=-95
03-16 01:30:57.793  1854  1854 I WifiHAL : wifi_get_link_stats: result=-3
03-16 01:30:57.794  1364  1719 E WifiVendorHal: getWifiLinkLayerStats_1_5_Internal(l.1179) failed {.code = ERROR_NOT_SUPPORTED, .description = }
03-16 01:30:57.804  1364  2988 D SemWifiUsabilityStatsMonitor: onWifiUsabilityStats - seqNum 48226, isSameBssidAndFreq true
03-16 01:30:57.805  1364  1792 I SemWifiLinkQualityMonitor: Link Qos query: inf. ms / 0 Mbps
03-16 01:30:58.121  1364  1765 D UsbStatsMonitor: 0 0 0 0 0 0 0 0 0 0 0 1 0 0 0 0 0 0 0 0 0 0 0 0 0 0 0 0 0 0 0 0 0 0 0 0 0 0 0 0 0 0 0 0 0 0 0 0 0 0 0 0 0 0
03-16 01:30:58.212 14927 14927 I ResourceOverlayService_0: waitAndQuit called
03-16 01:30:58.213 14927 14927 I ResourceOverlayService_0: activity user id 0 process id 0
03-16 01:30:58.322   593   593 D io_stats: !@ 179,0 r 16803702 274693534 w 7901559 178119288 d 0 0 f 0 0 iot 8636888 0 th 0 0 0 pt 0 inp 0 0 312819.861
03-16 01:30:58.342   910   910 I BufferQueueProducer: [com.yourname.digital_arhat/com.yourname.digital_arhat.MainActivity$_4820#19521](this:0xb400007059560838,id:-1,api:0,p:-1,c:910) queueBuffer: fps=11.20 dur=1071.23 max=110.10 min=78.69
03-16 01:30:58.345   857   935 I hwcomposer: [HWCDisplay] [Display_0 (type:1)] fps:11.203370,dur:1071.11,max:109.97,min:78.56  
03-16 01:30:58.531  1902  2001 D MobileStatusTracker(0/4): onSignalStrengthsChanged level=4, vendorLevel=4
03-16 01:30:58.532  9826  9955 I EPDG -- SIM0 [SMARTCELLULAR]: onSignalStrengthsChanged: SignalStrength:{mCdma=Invalid,mGsm=Invalid,mWcdma=Invalid,mTdscdma=Invalid,mLte=CellSignalStrengthLte: rssi=-81 rsrp=-80 rsrq=-19 rssnr=3 cqiTableIndex=2147483647 cqi=2147483647 ta=2147483647 level=4 parametersUseForLevel=0,mNr=Invalid,SignalBarInfo{ lteLevel=4 },rat=14,primary=CellSignalStrengthLte}
03-16 01:30:58.533  9826 10071 I EPDG -- SIM0 [SMARTCELLULAR]: lastLteRSRP is -80 currentLteRSRP is -80 lastLteRSRQ is -19 currentLteRSRQ is -19 lastLteSNR is 4 currentLteSNR is 3
03-16 01:30:58.541  1902  2001 D MobileSignalController(0/4): notifyListener: enabled=true, connected=true, dataConnected=false, networkType=LTE (4G), emergencyOnly=false, roaming=false, isDefault=false, dataActivity=, level=4, ca=false, mmWave=false, disabledDataIcon=false, simCard=ETC
03-16 01:30:58.543  1902  2001 D NetworkController: SignalStrength from intent slotId=0
03-16 01:30:58.780   912   934 D ccci_mdinit: (1):monitor_time_update_thread round:21347 ########
03-16 01:30:59.215 14927 14927 I ResourceOverlayService_0: waitAndQuit called
03-16 01:30:59.217 14927 14927 I ResourceOverlayService_0: activity user id 0 process id 0
03-16 01:30:59.429   910   910 I BufferQueueProducer: [com.yourname.digital_arhat/com.yourname.digital_arhat.MainActivity$_4820#19521](this:0xb400007059560838,id:-1,api:0,p:-1,c:910) queueBuffer: fps=11.04 dur=1086.95 max=106.00 min=72.98
03-16 01:30:59.432   857   935 I hwcomposer: [HWCDisplay] [Display_0 (type:1)] fps:11.040465,dur:1086.91,max:106.04,min:72.97  
03-16 01:30:59.811  1902  2001 D MobileStatusTracker(0/4): onSignalStrengthsChanged level=4, vendorLevel=4
03-16 01:30:59.811  9826  9955 I EPDG -- SIM0 [SMARTCELLULAR]: onSignalStrengthsChanged: SignalStrength:{mCdma=Invalid,mGsm=Invalid,mWcdma=Invalid,mTdscdma=Invalid,mLte=CellSignalStrengthLte: rssi=-79 rsrp=-79 rsrq=-18 rssnr=0 cqiTableIndex=2147483647 cqi=2147483647 ta=2147483647 level=4 parametersUseForLevel=0,mNr=Invalid,SignalBarInfo{ lteLevel=4 },rat=14,primary=CellSignalStrengthLte}
03-16 01:30:59.812  9826 10071 I EPDG -- SIM0 [SMARTCELLULAR]: lastLteRSRP is -80 currentLteRSRP is -79 lastLteRSRQ is -19 currentLteRSRQ is -18 lastLteSNR is 3 currentLteSNR is 0
03-16 01:30:59.813  1902  2001 D MobileSignalController(0/4): notifyListener: enabled=true, connected=true, dataConnected=false, networkType=LTE (4G), emergencyOnly=false, roaming=false, isDefault=false, dataActivity=, level=4, ca=false, mmWave=false, disabledDataIcon=false, simCard=ETC
03-16 01:30:59.814  1902  2001 D NetworkController: SignalStrength from intent slotId=0
03-16 01:30:59.979  4109  5014 I SDHMS:D : SIOP:: AP:312 BAT:298 USB:0 CHG:338 PA:309 BLK:0 SUBBAT:0 SKIN:324 SKINF:323 SKINB:324 LRP:329 LRP2:324 LRF:323 LRB:329 LRF2:323 LRB2:324 AP2:324 CHG2:319 WIFI2:316 SPK2:302 
03-16 01:31:00.003  1902  1902 D KeyguardUpdateMonitor: received broadcast android.intent.action.TIME_TICK
03-16 01:31:00.004  1902  1902 D KeyguardUpdateMonitor: handleTimeUpdate
03-16 01:31:00.004  1902  2431 D QSClockBellTower: onReceive(android.intent.action.TIME_TICK) mTimeZoneString:null
03-16 01:31:00.005  1902  1902 D FaceWidgetPagesController: onTimeChanged()
03-16 01:31:00.006  1364  1364 I EyeComfortSolutionService: action  :  android.intent.action.TIME_TICK
03-16 01:31:00.010  1902  1902 D QSClockBellTower: He is ready to ring the bell. (((QSClockBellSound - TimeText:01:31, TimeContentDescription:01:31, DateText:Mon, 16 March, ShortDateText:Mon, 16 Mar, Demo:false, QuickStar-Second(false|12:34:56))))
03-16 01:31:00.012  1902  1902 D QSClockIndicatorView: Home Indicator status_bar_clock 01:31 notifyTimeChanged(QSClockBellSound - TimeText:01:31, TimeContentDescription:01:31, DateText:Mon, 16 March, ShortDateText:Mon, 16 Mar, Demo:false, QuickStar-Second(false|12:34:56)) ClockVisibleByPolicy:true, ClockVisibleByUser:true, visible?true, parent:android.widget.LinearLayout{3c31eb8 V.E...... ......ID 0,0-97,80 #7f0b04f0 app:id/left_clock_container}
03-16 01:31:00.012  1902  1902 D QSClockBellTower: Everyone heard the bell. run(currentTime:1773606660006,   getTime():Mon Mar 16 01:31:00 GMT+05:00 2026,   getTimeZone():libcore.util.ZoneInfo[mDstSavings=0,mUseDst=false,mDelegate=[id="Asia/Karachi",mRawOffset=18000000,mEarliestRawOffset=16092000,transitions=11]])
03-16 01:31:00.058  1902  1902 I FaceWidgetPositionAlgorithm: getClockContainerHeight() supplier = 270, bottom margin = 0, real height = 333
03-16 01:31:00.059  1902  1902 I FaceWidgetPositionAlgorithm: getClockContainerHeight() supplier = 270, bottom margin = 63, real height = 333
03-16 01:31:00.059  1902  1902 I FaceWidgetPositionAlgorithm: getMediaContainerHeight() height = 0 container Visibility = 8, isValid = false, mIsDozing = false, fraction = 1.0, source = 0, target = 0
03-16 01:31:00.059  1902  1902 I FaceWidgetPositionAlgorithm: getMediaContainerHeight() supplier = 0
03-16 01:31:00.061  1902  1902 V QsExpandAnimator: setQsExpansionPosition 0.0
03-16 01:31:00.069  1902  1902 V QsExpandAnimator: updateAnimators
03-16 01:31:00.069  1902  1902 V QsExpandAnimator: clearAnimationState 
03-16 01:31:00.070  1902  1902 V QsExpandAnimator: updateViews
03-16 01:31:00.073  1902  1902 V QsExpandAnimator: updateTileAnimator
03-16 01:31:00.075  1902  1902 V QsExpandAnimator: updateHeaderAnimator
03-16 01:31:00.075  1902  1902 V QsExpandAnimator: updateBarAnimator
03-16 01:31:00.076  1902  1902 V QsExpandAnimator: setQsExpansionPosition 0.0
03-16 01:31:00.076  1902  1902 V QsExpandAnimator: onAnimationAtStart
03-16 01:31:00.098   910   910 I BufferQueueProducer: [StatusBar$_1902#83](this:0xb400007059158838,id:-1,api:0,p:-1,c:910) queueBuffer: fps=0.19 dur=5269.22 max=5269.22 min=5269.22
03-16 01:31:00.219 14927 14927 I ResourceOverlayService_0: waitAndQuit called
03-16 01:31:00.221 14927 14927 I ResourceOverlayService_0: activity user id 0 process id 0
03-16 01:31:00.500   910   910 I BufferQueueProducer: [com.yourname.digital_arhat/com.yourname.digital_arhat.MainActivity$_4820#19521](this:0xb400007059560838,id:-1,api:0,p:-1,c:910) queueBuffer: fps=11.20 dur=1071.07 max=94.59 min=83.17
03-16 01:31:00.503   857   935 I hwcomposer: [HWCDisplay] [Display_0 (type:1)] fps:12.136162,dur:1071.18,max:94.56,min:38.93  
03-16 01:31:00.753   871   889 D power@timer: [mtkPowerTimer] visRead:0
03-16 01:31:00.809  1854  1854 I WifiHAL : Get link layer stats
03-16 01:31:00.809  1854  1854 I WifiHAL : GetLinkStatsCommand::create
03-16 01:31:00.809  1854  1854 D android.hardware.wifi@1.0-service-lazy: WifiRequest::create vendor command to iface 40, vendor_id=0x1a11, subcmd=0x1200, res=0
03-16 01:31:00.809  1854  1854 I android.hardware.wifi@1.0-service-lazy: WifiCommand::requestResponse err=-95
03-16 01:31:00.809  1854  1854 I WifiHAL : wifi_get_link_stats: result=-3
03-16 01:31:00.811  1364  1719 E WifiVendorHal: getWifiLinkLayerStats_1_5_Internal(l.1179) failed {.code = ERROR_NOT_SUPPORTED, .description = }
03-16 01:31:00.818  1364  2988 D SemWifiUsabilityStatsMonitor: onWifiUsabilityStats - seqNum 48227, isSameBssidAndFreq true
03-16 01:31:00.820  1364  1792 I SemWifiLinkQualityMonitor: Link Qos query: inf. ms / 0 Mbps
03-16 01:31:01.090  1902  2001 D MobileStatusTracker(0/4): onSignalStrengthsChanged level=4, vendorLevel=4
03-16 01:31:01.091  9826  9955 I EPDG -- SIM0 [SMARTCELLULAR]: onSignalStrengthsChanged: SignalStrength:{mCdma=Invalid,mGsm=Invalid,mWcdma=Invalid,mTdscdma=Invalid,mLte=CellSignalStrengthLte: rssi=-79 rsrp=-79 rsrq=-17 rssnr=2 cqiTableIndex=2147483647 cqi=2147483647 ta=2147483647 level=4 parametersUseForLevel=0,mNr=Invalid,SignalBarInfo{ lteLevel=4 },rat=14,primary=CellSignalStrengthLte}
03-16 01:31:01.091  9826 10071 I EPDG -- SIM0 [SMARTCELLULAR]: lastLteRSRP is -79 currentLteRSRP is -79 lastLteRSRQ is -18 currentLteRSRQ is -17 lastLteSNR is 0 currentLteSNR is 2
03-16 01:31:01.092  1902  2001 D MobileSignalController(0/4): notifyListener: enabled=true, connected=true, dataConnected=false, networkType=LTE (4G), emergencyOnly=false, roaming=false, isDefault=false, dataActivity=, level=4, ca=false, mmWave=false, disabledDataIcon=false, simCard=ETC
03-16 01:31:01.097  1902  2001 D NetworkController: SignalStrength from intent slotId=0
03-16 01:31:01.223 14927 14927 I ResourceOverlayService_0: waitAndQuit called
03-16 01:31:01.225 14927 14927 I ResourceOverlayService_0: activity user id 0 process id 0
03-16 01:31:01.445  1262  1262 D connsyslogger: Open FIFO for close
03-16 01:31:01.570   910   910 I BufferQueueProducer: [com.yourname.digital_arhat/com.yourname.digital_arhat.MainActivity$_4820#19521](this:0xb400007059560838,id:-1,api:0,p:-1,c:910) queueBuffer: fps=11.21 dur=1070.85 max=105.66 min=66.76
03-16 01:31:01.572   857   935 I hwcomposer: [HWCDisplay] [Display_0 (type:1)] fps:11.223083,dur:1069.22,max:106.23,min:66.84  
03-16 01:31:02.228 14927 14927 I ResourceOverlayService_0: waitAndQuit called
03-16 01:31:02.229 14927 14927 I ResourceOverlayService_0: activity user id 0 process id 0
03-16 01:31:02.370  1902  2001 D MobileStatusTracker(0/4): onSignalStrengthsChanged level=4, vendorLevel=4
03-16 01:31:02.372  9826  9955 I EPDG -- SIM0 [SMARTCELLULAR]: onSignalStrengthsChanged: SignalStrength:{mCdma=Invalid,mGsm=Invalid,mWcdma=Invalid,mTdscdma=Invalid,mLte=CellSignalStrengthLte: rssi=-79 rsrp=-79 rsrq=-15 rssnr=6 cqiTableIndex=2147483647 cqi=2147483647 ta=2147483647 level=4 parametersUseForLevel=0,mNr=Invalid,SignalBarInfo{ lteLevel=4 },rat=14,primary=CellSignalStrengthLte}
03-16 01:31:02.373  9826 10071 I EPDG -- SIM0 [SMARTCELLULAR]: lastLteRSRP is -79 currentLteRSRP is -79 lastLteRSRQ is -17 currentLteRSRQ is -15 lastLteSNR is 2 currentLteSNR is 6
03-16 01:31:02.374  1902  2001 D MobileSignalController(0/4): notifyListener: enabled=true, connected=true, dataConnected=false, networkType=LTE (4G), emergencyOnly=false, roaming=false, isDefault=false, dataActivity=, level=4, ca=false, mmWave=false, disabledDataIcon=false, simCard=ETC
03-16 01:31:02.378  1902  2001 D NetworkController: SignalStrength from intent slotId=0
03-16 01:31:02.605 21466 21491 I ContactsProvider_EventLog: cp_s: [CONTACT con(465) dat(3354) acc({phone(1)=375, sim(3)=9, sec(16)=331, phone(2)=5, google(4)=306, google(15)=3}) calls([logtype:100 cnt:48, logtype:300 cnt:217, logtype:500 cnt:1, logtype:1000 cnt:1943, logtype:1150 cnt:8]) Iso(PK) uId(0) ]

03-16 01:31:02.605 21466 21491 I ContactsProvider_EventLog: cp_s: [ agr({[4 ,1 ,16 ,1]=15, [16 ,16 ,16]=5, [1 ,1]=1, [4]=52, [2]=2, [15 ,16 ,16 ,1]=1, [15 ,16]=1, [4 ,1 ,1]=4, [1 ,16 ,16 ,16 ,16 ,16]=1, [16 ,16 ,16 ,16 ,1]=3, [4 ,15 ,16]=1, [4 ,16 ,16 ,16 ,16 ,1]=2, [4 ,1 ,16 ,16 ,16 ,16]=1, [16 ,16]=8, [4 ,16 ,16 ,16 ,16 ,16 ,1]=3, [4 ,16]=3, [1 ,16]=14, [1 ,16 ,16 ,16]=2, [4 ,16 ,1]=72, [4 ,16 ,16 ,1]=1, [16 ,1]=29, [3]=9, [4 ,1]=103, [1]=47, [4 ,16 ,16 ,16 ,16 ,16 ,16 ,16 ,16 ,1]=1, [1 ,16 ,1]=1, [16 ,16 ,1]=3, [4 ,1 ,16]=43, [16 ,1 ,1]=1, [1 ,16 ,16 ,16 ,16]=1, [2 ,4]=3, [4 ,16 ,16 ,16 ,16 ,16 ,16 ,16 ,16 ,16 ,16 ,16 ,16 ,1]=1, [16 ,16 ,16 ,16]=1, [16]=28, [4 ,1 ,16 ,16]=1, [16 ,16 ,1 ,1]=1}) ]

03-16 01:31:02.605 21466 21491 I ContactsProvider_EventLog: cp_s: [ cnt({acore(21466)=1, contacts(9394)=6}) ]

03-16 01:31:02.605 21466 21491 I ContactsProvider_EventLog: cp_s: [PROFILE ] [SAPROFILE con(1) dat(2) acc({phone(1)=1}) ]

03-16 01:31:02.605 21466 21491 I ContactsProvider_EventLog: cp_s: [STATE R(F) ]
03-16 01:31:02.657   910   910 I BufferQueueProducer: [com.yourname.digital_arhat/com.yourname.digital_arhat.MainActivity$_4820#19521](this:0xb400007059560838,id:-1,api:0,p:-1,c:910) queueBuffer: fps=11.04 dur=1087.05 max=110.26 min=78.50
03-16 01:31:02.660   857   935 I hwcomposer: [HWCDisplay] [Display_0 (type:1)] fps:11.027049,dur:1088.23,max:110.49,min:77.05  
03-16 01:31:02.689   825   825 E audit   : type=1400 audit(1773606662.687:53323): avc:  denied  { write } for  pid=12385 comm="ThreadPoolForeg" name="traced_producer" dev="tmpfs" ino=13971 scontext=u:r:gmscore_app:s0:c512,c768 tcontext=u:object_r:traced_producer_socket:s0 tclass=sock_file permissive=0 SEPF_SM-A325F_12_0001 audit_filtered
03-16 01:31:02.689   825   825 E audit   : type=1300 audit(1773606662.687:53323): arch=c00000b7 syscall=203 success=no exit=-13 a0=6b a1=b400007557cad620 a2=1e a3=ffffffff964daef1 items=0 ppid=843 pid=12385 auid=4294967295 uid=10218 gid=10218 euid=10218 suid=10218 fsuid=10218 egid=10218 sgid=10218 fsgid=10218 tty=(none) ses=4294967295 comm="ThreadPoolForeg" exe="/system/bin/app_process64" subj=u:r:gmscore_app:s0:c512,c768 key=(null)
03-16 01:31:02.689   825   825 E audit   : type=1327 audit(1773606662.687:53323): proctitle="com.google.android.gms.persistent"
03-16 01:31:03.167  4109  4109 I SDHMS:LOAD: type: LoadsFreqs, value: 0:0:10:877280:1443000:850000:633400:1800000:500000:65:299:0
03-16 01:31:03.231 14927 14927 I ResourceOverlayService_0: waitAndQuit called
03-16 01:31:03.232 14927 14927 I ResourceOverlayService_0: activity user id 0 process id 0
03-16 01:31:03.652  1902  2001 D MobileStatusTracker(0/4): onSignalStrengthsChanged level=4, vendorLevel=4
03-16 01:31:03.652  9826  9955 I EPDG -- SIM0 [SMARTCELLULAR]: onSignalStrengthsChanged: SignalStrength:{mCdma=Invalid,mGsm=Invalid,mWcdma=Invalid,mTdscdma=Invalid,mLte=CellSignalStrengthLte: rssi=-79 rsrp=-79 rsrq=-12 rssnr=6 cqiTableIndex=2147483647 cqi=2147483647 ta=2147483647 level=4 parametersUseForLevel=0,mNr=Invalid,SignalBarInfo{ lteLevel=4 },rat=14,primary=CellSignalStrengthLte}
03-16 01:31:03.653  9826 10071 I EPDG -- SIM0 [SMARTCELLULAR]: lastLteRSRP is -79 currentLteRSRP is -79 lastLteRSRQ is -15 currentLteRSRQ is -12 lastLteSNR is 6 currentLteSNR is 6
03-16 01:31:03.654  1902  2001 D MobileSignalController(0/4): notifyListener: enabled=true, connected=true, dataConnected=false, networkType=LTE (4G), emergencyOnly=false, roaming=false, isDefault=false, dataActivity=, level=4, ca=false, mmWave=false, disabledDataIcon=false, simCard=ETC
03-16 01:31:03.655  1902  2001 D NetworkController: SignalStrength from intent slotId=0
03-16 01:31:03.744   910   910 I BufferQueueProducer: [com.yourname.digital_arhat/com.yourname.digital_arhat.MainActivity$_4820#19521](this:0xb400007059560838,id:-1,api:0,p:-1,c:910) queueBuffer: fps=11.04 dur=1086.77 max=110.14 min=62.75
03-16 01:31:03.746   857   935 I hwcomposer: [HWCDisplay] [Display_0 (type:1)] fps:11.054440,dur:1085.54,max:109.82,min:61.68  
03-16 01:31:03.824  1854  1854 I WifiHAL : Get link layer stats
03-16 01:31:03.824  1854  1854 I WifiHAL : GetLinkStatsCommand::create
03-16 01:31:03.824  1854  1854 D android.hardware.wifi@1.0-service-lazy: WifiRequest::create vendor command to iface 40, vendor_id=0x1a11, subcmd=0x1200, res=0
03-16 01:31:03.824  1854  1854 I android.hardware.wifi@1.0-service-lazy: WifiCommand::requestResponse err=-95
03-16 01:31:03.824  1854  1854 I WifiHAL : wifi_get_link_stats: result=-3
03-16 01:31:03.825  1364  1719 E WifiVendorHal: getWifiLinkLayerStats_1_5_Internal(l.1179) failed {.code = ERROR_NOT_SUPPORTED, .description = }
03-16 01:31:03.831  1364  2988 D SemWifiUsabilityStatsMonitor: onWifiUsabilityStats - seqNum 48228, isSameBssidAndFreq true
03-16 01:31:03.832  1364  1792 I SemWifiLinkQualityMonitor: Link Qos query: inf. ms / 0 Mbps
03-16 01:31:04.234 14927 14927 I ResourceOverlayService_0: waitAndQuit called
03-16 01:31:04.236 14927 14927 I ResourceOverlayService_0: activity user id 0 process id 0
03-16 01:31:04.324   593   593 D io_stats: !@ 179,0 r 16803779 274693942 w 7901561 178119296 d 0 0 f 0 0 iot 8636900 0 th 0 0 0 pt 0 inp 0 0 312825.863
03-16 01:31:04.832   910   910 I BufferQueueProducer: [com.yourname.digital_arhat/com.yourname.digital_arhat.MainActivity$_4820#19521](this:0xb400007059560838,id:-1,api:0,p:-1,c:910) queueBuffer: fps=11.04 dur=1087.26 max=110.57 min=73.89
03-16 01:31:04.835   857   935 I hwcomposer: [HWCDisplay] [Display_0 (type:1)] fps:11.020242,dur:1088.91,max:111.94,min:73.44  
03-16 01:31:04.902   825   825 E audit   : type=1400 audit(1773606664.899:53324): avc:  denied  { write } for  pid=25327 comm="ThreadPoolForeg" name="traced_producer" dev="tmpfs" ino=13971 scontext=u:r:gmscore_app:s0:c512,c768 tcontext=u:object_r:traced_producer_socket:s0 tclass=sock_file permissive=0 SEPF_SM-A325F_12_0001 audit_filtered
03-16 01:31:04.902   825   825 E audit   : type=1300 audit(1773606664.899:53324): arch=c00000b7 syscall=203 success=no exit=-13 a0=84 a1=b40000749fb1de80 a2=1e a3=ffffffff964daef1 items=0 ppid=843 pid=25327 auid=4294967295 uid=10218 gid=10218 euid=10218 suid=10218 fsuid=10218 egid=10218 sgid=10218 fsgid=10218 tty=(none) ses=4294967295 comm="ThreadPoolForeg" exe="/system/bin/app_process64" subj=u:r:gmscore_app:s0:c512,c768 key=(null)
03-16 01:31:04.902   825   825 E audit   : type=1327 audit(1773606664.899:53324): proctitle="com.google.android.gms"
03-16 01:31:04.926  1902  2001 D MobileStatusTracker(0/4): onSignalStrengthsChanged level=4, vendorLevel=4
03-16 01:31:04.927  9826  9955 I EPDG -- SIM0 [SMARTCELLULAR]: onSignalStrengthsChanged: SignalStrength:{mCdma=Invalid,mGsm=Invalid,mWcdma=Invalid,mTdscdma=Invalid,mLte=CellSignalStrengthLte: rssi=-79 rsrp=-79 rsrq=-12 rssnr=5 cqiTableIndex=2147483647 cqi=2147483647 ta=2147483647 level=4 parametersUseForLevel=0,mNr=Invalid,SignalBarInfo{ lteLevel=4 },rat=14,primary=CellSignalStrengthLte}
03-16 01:31:04.927  9826 10071 I EPDG -- SIM0 [SMARTCELLULAR]: lastLteRSRP is -79 currentLteRSRP is -79 lastLteRSRQ is -12 currentLteRSRQ is -12 lastLteSNR is 6 currentLteSNR is 5
03-16 01:31:04.927  1902  2001 D MobileSignalController(0/4): notifyListener: enabled=true, connected=true, dataConnected=false, networkType=LTE (4G), emergencyOnly=false, roaming=false, isDefault=false, dataActivity=, level=4, ca=false, mmWave=false, disabledDataIcon=false, simCard=ETC
03-16 01:31:04.929  1902  2001 D NetworkController: SignalStrength from intent slotId=0
03-16 01:31:05.237 14927 14927 I ResourceOverlayService_0: waitAndQuit called
03-16 01:31:05.238 14927 14927 I ResourceOverlayService_0: activity user id 0 process id 0
03-16 01:31:05.887   910   910 I BufferQueueProducer: [com.yourname.digital_arhat/com.yourname.digital_arhat.MainActivity$_4820#19521](this:0xb400007059560838,id:-1,api:0,p:-1,c:910) queueBuffer: fps=11.37 dur=1055.20 max=110.52 min=63.30
03-16 01:31:05.890   857   935 I hwcomposer: [HWCDisplay] [Display_0 (type:1)] fps:11.376694,dur:1054.79,max:112.27,min:62.86  
03-16 01:31:06.211  1902  2001 D MobileStatusTracker(0/4): onSignalStrengthsChanged level=4, vendorLevel=4
03-16 01:31:06.212  9826  9955 I EPDG -- SIM0 [SMARTCELLULAR]: onSignalStrengthsChanged: SignalStrength:{mCdma=Invalid,mGsm=Invalid,mWcdma=Invalid,mTdscdma=Invalid,mLte=CellSignalStrengthLte: rssi=-79 rsrp=-79 rsrq=-12 rssnr=6 cqiTableIndex=2147483647 cqi=2147483647 ta=2147483647 level=4 parametersUseForLevel=0,mNr=Invalid,SignalBarInfo{ lteLevel=4 },rat=14,primary=CellSignalStrengthLte}
03-16 01:31:06.213  9826 10071 I EPDG -- SIM0 [SMARTCELLULAR]: lastLteRSRP is -79 currentLteRSRP is -79 lastLteRSRQ is -12 currentLteRSRQ is -12 lastLteSNR is 5 currentLteSNR is 6
03-16 01:31:06.213  1902  2001 D MobileSignalController(0/4): notifyListener: enabled=true, connected=true, dataConnected=false, networkType=LTE (4G), emergencyOnly=false, roaming=false, isDefault=false, dataActivity=, level=4, ca=false, mmWave=false, disabledDataIcon=false, simCard=ETC
03-16 01:31:06.215  1902  2001 D NetworkController: SignalStrength from intent slotId=0
03-16 01:31:06.240 14927 14927 I ResourceOverlayService_0: waitAndQuit called
03-16 01:31:06.242 14927 14927 I ResourceOverlayService_0: activity user id 0 process id 0
03-16 01:31:06.445  1262  1262 D connsyslogger: Open FIFO for close
03-16 01:31:06.603  8924  8924 I wpa_supplicant: Heartbeat 6950
03-16 01:31:06.833  1364  1752 W DeviceStorageMonitorService: updateBroadcasts(/data) oldLevel:0, newLevel:0, seq:1
03-16 01:31:06.833  1854  1854 I WifiHAL : Get link layer stats
03-16 01:31:06.833  1854  1854 I WifiHAL : GetLinkStatsCommand::create
03-16 01:31:06.833  1854  1854 D android.hardware.wifi@1.0-service-lazy: WifiRequest::create vendor command to iface 40, vendor_id=0x1a11, subcmd=0x1200, res=0
03-16 01:31:06.834  1854  1854 I android.hardware.wifi@1.0-service-lazy: WifiCommand::requestResponse err=-95
03-16 01:31:06.834  1854  1854 I WifiHAL : wifi_get_link_stats: result=-3
03-16 01:31:06.834  1364  1752 D DeviceStorageMonitorService: Available File Node Number is [13268491]
03-16 01:31:06.834  1364  1752 W DeviceStorageMonitorService: updateBroadcasts_filenode(/data) fn_oldLevel:0, fn_newLevel:0, seq:1
03-16 01:31:06.834  1364  1719 E WifiVendorHal: getWifiLinkLayerStats_1_5_Internal(l.1179) failed {.code = ERROR_NOT_SUPPORTED, .description = }
03-16 01:31:06.838  1364  2988 D SemWifiUsabilityStatsMonitor: onWifiUsabilityStats - seqNum 48229, isSameBssidAndFreq true
03-16 01:31:06.839  1364  1792 I SemWifiLinkQualityMonitor: Link Qos query: inf. ms / 0 Mbps
03-16 01:31:06.839  1902  1902 D NetworkController.WifiSignalController: notifyListener: visible=true, connected=true, inetCondition=1, isDefault=true, wifiTestReported=true, receivedInetCondition=-1, hideDuringMobileSwitching=false
03-16 01:31:06.841  1902  2001 D Tile.WifiTile: handleUpdateState isTransient=false transientEnabling =false cb.isTransient=false state.state = 2 mStateBeforeClick.value =false enabled =true
03-16 01:31:06.863   910   910 I BufferQueueProducer: [StatusBar$_1902#83](this:0xb400007059158838,id:-1,api:0,p:-1,c:910) queueBuffer: fps=0.15 dur=6765.37 max=6765.37 min=6765.37
03-16 01:31:06.889   910   910 I BufferQueueProducer: [com.yourname.digital_arhat/com.yourname.digital_arhat.MainActivity$_4820#19521](this:0xb400007059560838,id:-1,api:0,p:-1,c:910) queueBuffer: fps=9.98 dur=1002.41 max=183.25 min=78.93
03-16 01:31:06.891   857   935 I hwcomposer: [HWCDisplay] [Display_0 (type:1)] fps:10.985158,dur:1001.35,max:157.13,min:25.84  
03-16 01:31:07.244 14927 14927 I ResourceOverlayService_0: waitAndQuit called
03-16 01:31:07.245 14927 14927 I ResourceOverlayService_0: activity user id 0 process id 0
03-16 01:31:07.491  1902  2001 D MobileStatusTracker(0/4): onSignalStrengthsChanged level=4, vendorLevel=4
03-16 01:31:07.491  9826  9955 I EPDG -- SIM0 [SMARTCELLULAR]: onSignalStrengthsChanged: SignalStrength:{mCdma=Invalid,mGsm=Invalid,mWcdma=Invalid,mTdscdma=Invalid,mLte=CellSignalStrengthLte: rssi=-79 rsrp=-79 rsrq=-14 rssnr=6 cqiTableIndex=2147483647 cqi=2147483647 ta=2147483647 level=4 parametersUseForLevel=0,mNr=Invalid,SignalBarInfo{ lteLevel=4 },rat=14,primary=CellSignalStrengthLte}
03-16 01:31:07.492  9826 10071 I EPDG -- SIM0 [SMARTCELLULAR]: lastLteRSRP is -79 currentLteRSRP is -79 lastLteRSRQ is -12 currentLteRSRQ is -14 lastLteSNR is 6 currentLteSNR is 6
03-16 01:31:07.494  1902  2001 D MobileSignalController(0/4): notifyListener: enabled=true, connected=true, dataConnected=false, networkType=LTE (4G), emergencyOnly=false, roaming=false, isDefault=false, dataActivity=, level=4, ca=false, mmWave=false, disabledDataIcon=false, simCard=ETC
03-16 01:31:07.497  1902  2001 D NetworkController: SignalStrength from intent slotId=0
03-16 01:31:07.982   910   910 I BufferQueueProducer: [com.yourname.digital_arhat/com.yourname.digital_arhat.MainActivity$_4820#19521](this:0xb400007059560838,id:-1,api:0,p:-1,c:910) queueBuffer: fps=12.81 dur=1092.67 max=110.25 min=15.72
03-16 01:31:07.985   857   935 I hwcomposer: [HWCDisplay] [Display_0 (type:1)] fps:12.795190,dur:1094.16,max:110.15,min:16.02  
03-16 01:31:08.247 14927 14927 I ResourceOverlayService_0: waitAndQuit called
03-16 01:31:08.249 14927 14927 I ResourceOverlayService_0: activity user id 0 process id 0
03-16 01:31:08.325   593   593 D io_stats: !@ 179,0 r 16803780 274693974 w 7901592 178119400 d 0 0 f 0 0 iot 8636928 0 th 0 0 0 pt 0 inp 0 0 312829.865
03-16 01:31:08.665  1364  1790 I SemWifiServiceDetector: Traff. tracking started
03-16 01:31:09.053   910   910 I BufferQueueProducer: [com.yourname.digital_arhat/com.yourname.digital_arhat.MainActivity$_4820#19521](this:0xb400007059560838,id:-1,api:0,p:-1,c:910) queueBuffer: fps=11.20 dur=1071.09 max=105.75 min=78.89
03-16 01:31:09.056   857   935 I hwcomposer: [HWCDisplay] [Display_0 (type:1)] fps:11.208198,dur:1070.64,max:105.44,min:78.39  
03-16 01:31:09.167  1364  1790 D SemNscXgbMsL1: Probability - Cloud gaming: [0.04415229]
03-16 01:31:09.168  1364  1790 D SemNscXgbMsL1: Probability - Real time: [0.10864212]
03-16 01:31:09.168  1364  1790 D SemNscXgbMsL1: Probability - Non real time: [0.915227]
03-16 01:31:09.168  1364  1790 D SemNscXgbMsL1: 1 sample inference time: 1.124 msecs
03-16 01:31:09.170  1364  1790 D SemNscXgbL2Rt: L2 RT 1 sample inference time: 1.653154 msecs
03-16 01:31:09.172  1364  1790 D SemNscXgbL2Nrt: L2 NRT 1 sample inference time: 1.304 msecs
03-16 01:31:09.251 14927 14927 I ResourceOverlayService_0: waitAndQuit called
03-16 01:31:09.253 14927 14927 I ResourceOverlayService_0: activity user id 0 process id 0
03-16 01:31:09.673  1364  1790 D SemNscXgbMsL1: Probability - Cloud gaming: [0.04415229]
03-16 01:31:09.673  1364  1790 D SemNscXgbMsL1: Probability - Real time: [0.10864212]
03-16 01:31:09.674  1364  1790 D SemNscXgbMsL1: Probability - Non real time: [0.915227]
03-16 01:31:09.674  1364  1790 D SemNscXgbMsL1: 1 sample inference time: 1.209231 msecs
03-16 01:31:09.676  1364  1790 D SemNscXgbL2Rt: L2 RT 1 sample inference time: 2.221231 msecs
03-16 01:31:09.678  1364  1790 D SemNscXgbL2Nrt: L2 NRT 1 sample inference time: 1.827 msecs
03-16 01:31:09.842  1854  1854 I WifiHAL : Get link layer stats
03-16 01:31:09.842  1854  1854 I WifiHAL : GetLinkStatsCommand::create
03-16 01:31:09.842  1854  1854 D android.hardware.wifi@1.0-service-lazy: WifiRequest::create vendor command to iface 40, vendor_id=0x1a11, subcmd=0x1200, res=0
03-16 01:31:09.842  1854  1854 I android.hardware.wifi@1.0-service-lazy: WifiCommand::requestResponse err=-95
03-16 01:31:09.842  1854  1854 I WifiHAL : wifi_get_link_stats: result=-3
03-16 01:31:09.843  1364  1719 E WifiVendorHal: getWifiLinkLayerStats_1_5_Internal(l.1179) failed {.code = ERROR_NOT_SUPPORTED, .description = }
03-16 01:31:09.851  1364  2988 D SemWifiUsabilityStatsMonitor: onWifiUsabilityStats - seqNum 48230, isSameBssidAndFreq true
03-16 01:31:09.852  1364  1792 I SemWifiLinkQualityMonitor: Link Qos query: inf. ms / 0 Mbps
03-16 01:31:09.853  1902  1902 D NetworkController.WifiSignalController: notifyListener: visible=true, connected=true, inetCondition=1, isDefault=true, wifiTestReported=true, receivedInetCondition=-1, hideDuringMobileSwitching=false
03-16 01:31:09.854  1902  2001 D Tile.WifiTile: handleUpdateState isTransient=false transientEnabling =false cb.isTransient=false state.state = 2 mStateBeforeClick.value =false enabled =true
03-16 01:31:09.872   910   910 I BufferQueueProducer: [StatusBar$_1902#83](this:0xb400007059158838,id:-1,api:0,p:-1,c:910) queueBuffer: fps=0.33 dur=3008.77 max=3008.77 min=3008.77
