03-16 01:30:32.005  1364  1488 W libprocessgroup: Failed to open /dev/blkio//cgroup.procs: No such file or directory
03-16 01:30:32.006  9394 10739 I AccountTypeLoader: [C] add syncable account types
03-16 01:30:32.010 11616 11921 I AppsEdge.Service: changeItem()
03-16 01:30:32.010 11616 11921 I AppsEdge.Service: updateOrDeleteItem package=com.sec.unifiedwfc,userId=0
03-16 01:30:32.011 11616 11921 I AppsEdge.DBHelper: getFavoriteItems : true
03-16 01:30:32.021 11616 11921 I AppsEdge.DBHelper: getFavoriteItems type = 0, pos = 0, id = 4, item = 0@com.samsung.android.messaging/com.android.mms.ui.ConversationComposer&0
03-16 01:30:32.022  2338  2579 I WidgetsModel: EasyModeWidget will be excluded on WidgetList.
03-16 01:30:32.026  2338  2579 I AppIconSolution: return the original icon because tray option is set to None for com.sec.unifiedwfc, isNight = true
03-16 01:30:32.027 11616 11921 I AppsEdge.DBHelper: getFavoriteItems type = 4, pos = 1, id = 5, item = 4@2;3;0.0;0.0;com.google.android.youtube/com.google.android.youtube.app.honeycomb.Shell$HomeActivity:0&0;com.sec.android.app.sbrowser/com.sec.android.app.sbrowser.SBrowserMainActivity:0&0
03-16 01:30:32.035 11616 11921 I AppsEdge.DBHelper: getFavoriteItems type = 0, pos = 2, id = 6, item = 0@com.google.android.youtube/com.google.android.youtube.app.honeycomb.Shell$HomeActivity&0
03-16 01:30:32.039 11920 11920 I nder:appservice: Using CollectorTypeCC GC.
03-16 01:30:32.042 11616 11921 I AppsEdge.DBHelper: getFavoriteItems type = 0, pos = 3, id = 7, item = 0@com.android.chrome/com.google.android.apps.chrome.Main&0
03-16 01:30:32.045 11920 11920 E nder:appservice: Not starting debugger since process cannot load the jdwp agent.
03-16 01:30:32.047 11616 11921 I AppsEdge.DBHelper: getFavoriteItems type = 0, pos = 4, id = 8, item = 0@com.google.android.apps.tachyon/com.google.android.apps.tachyon.MainActivity&0
03-16 01:30:32.052 11920 11920 D nativeloader: Load libframework-connectivity-tiramisu-jni.so using APEX ns com_android_tethering for caller /apex/com.android.tethering/javalib/framework-connectivity-t.jar: ok
03-16 01:30:32.056 11920 11920 D ActivityThread: setConscryptValidator
03-16 01:30:32.056 11920 11920 D ActivityThread: setConscryptValidator - put
03-16 01:30:32.069  1364  2046 I ActivityManager: DSS OFF for com.samsung.android.app.galaxyfinder
03-16 01:30:32.094 11920 11920 D CompatibilityChangeReporter: Compat change id reported: 171979766; UID 10063; state: ENABLED
03-16 01:30:32.094  1887  1892 I m.android.phone: Background concurrent copying GC freed 14MB AllocSpace bytes, 6(312KB) LOS objects, 49% free, 11MB/22MB, paused 225us,131us total 166.224ms
03-16 01:30:32.100  9394 10739 W SyncDataSource: [C] @2131887938
03-16 01:30:32.101  1887  1894 W System  : A resource failed to call AbstractCursor.close. 
03-16 01:30:32.102  9394 10739 W SyncDataSource: [C] @2131886294
03-16 01:30:32.104  9394 10739 W SyncDataSource: [C] @2131886192
03-16 01:30:32.105  9394 10739 W SyncDataSource: [C] @2131886316
03-16 01:30:32.107  9394 10739 W SyncDataSource: [C] @2131886487
03-16 01:30:32.109  9394 10739 W SyncDataSource: [C] @2131886860
03-16 01:30:32.111  9394 10739 W SyncDataSource: [C] @2131886997
03-16 01:30:32.113  9394 10739 W SyncDataSource: [C] @2131887527
03-16 01:30:32.114  9394 10739 W SyncDataSource: [C] @2131887199
03-16 01:30:32.124 14927 14927 I ResourceOverlayService_0: waitAndQuit called
03-16 01:30:32.125 14927 14927 I ResourceOverlayService_0: activity user id 0 process id 0
03-16 01:30:32.126  2338  2579 I WidgetsModel: EasyModeWidget will be excluded on WidgetList.
03-16 01:30:32.128  9394 10739 I AccountTypeLoader: [C]  > added: accountType : com.google, dataSet : null
03-16 01:30:32.129  9394 10739 I ExternalAccountType: [C] loadContactsXml : com.google.android.apps.tachyon
03-16 01:30:32.130  9394 10739 I ExternalAccountType: [C] Metadata loaded from: com.google.android.apps.tachyon, com.google.android.apps.tachyon.contacts.sync.SyncService, android.provider.CONTACTS_STRUCTURE
03-16 01:30:32.131  9394 10739 I AccountTypeLoader: [C]  > added: resource packageName : com.google.android.apps.tachyon, sync adapter packageName : com.google.android.apps.tachyon, isExtension : false
03-16 01:30:32.131  9394 10739 I ExternalAccountType: [C] loadContactsXml : com.whatsapp
03-16 01:30:32.133  9394 10739 I ExternalAccountType: [C] Metadata loaded from: com.whatsapp, com.whatsapp.contact.ui.sync.ContactsSyncAdapterService, android.provider.CONTACTS_STRUCTURE
03-16 01:30:32.134  9394 10739 I AccountTypeLoader: [C]  > added: resource packageName : com.whatsapp, sync adapter packageName : com.whatsapp, isExtension : false
03-16 01:30:32.134  9394 10739 I ExternalAccountType: [C] loadContactsXml : com.whatsapp.w4b
03-16 01:30:32.135  2338  2579 W PackageUpdatedTask: refreshSearchLayout return, operation is not matched
03-16 01:30:32.136  9394 10739 I ExternalAccountType: [C] Metadata loaded from: com.whatsapp.w4b, com.whatsapp.contact.ui.sync.ContactsSyncAdapterService, android.provider.CONTACTS_STRUCTURE
03-16 01:30:32.136  9394 10739 I AccountTypeLoader: [C]  > added: resource packageName : com.whatsapp.w4b, sync adapter packageName : com.whatsapp.w4b, isExtension : false
03-16 01:30:32.138  9394 10739 I AccountTypeLoader: [C]  > added: accountType : com.google.android.gm.exchange, dataSet : null
03-16 01:30:32.140  9394 10739 I AccountTypeLoader: [C]  > added: accountType : com.osp.app.signin, dataSet : null
03-16 01:30:32.141  9394 10739 I AccountTypeLoader: [C]  > added: accountType : com.samsung.android.coreapps, dataSet : null
03-16 01:30:32.141  9394 10739 I ExternalAccountType: [C] loadContactsXml : com.google.android.apps.plus
03-16 01:30:32.142  9394 10739 E ExternalAccountType: [C] Package was found, but that doesn't contain the CONTACTS_STRUCTURE metadata
03-16 01:30:32.142  9394 10739 I AccountTypeLoader: [C] add syncable accounts (restrict:false, table:false, UIM:false, Samsung:false)
03-16 01:30:32.143  9394 10739 I AccountTypeLoader: [C]  > added account: com.whatsapp
03-16 01:30:32.144  9394 10739 I AccountTypeLoader: [C]  > added account: com.google
03-16 01:30:32.146  9394 10739 I AccountTypeLoader: [C]  > added account: com.google
03-16 01:30:32.146  9394 10739 I AccountTypeLoader: [C]  > added account: com.google
03-16 01:30:32.147  9394 10739 I AccountTypeLoader: [C]  > added account: com.whatsapp.w4b
03-16 01:30:32.148  9394 10739 I AccountTypeLoader: [C]  > added account: com.osp.app.signin
03-16 01:30:32.160  2338 20792 I LauncherProvider: External provider call by package : com.samsung.android.app.galaxyfinder  for method : get_home_mode
03-16 01:30:32.160  2338 20792 I ExternalMethodFactory: get_home_mode
03-16 01:30:32.162  1364  4301 I GenerationRegistry: mBackingStore.isClosed() : false
03-16 01:30:32.168  1364  1470 W Looper  : Slow delivery took 210ms android.fg h=android.os.Handler c=<recycled PooledLambda@6337059> m=0
03-16 01:30:32.169  1364  2046 I GenerationRegistry: mBackingStore.isClosed() : false
03-16 01:30:32.173  9394 10739 I AccountTypeModel: [C] Accounts change = false, types change = true
03-16 01:30:32.173  9394 10739 I AccountTypeModel: [C] account reload finish: 3
03-16 01:30:32.186  2338 20792 I LauncherProvider: External provider call by package : com.samsung.android.app.galaxyfinder  for method : get_home_mode
03-16 01:30:32.186  2338 20792 I ExternalMethodFactory: get_home_mode
03-16 01:30:32.267 11920 11920 I Process : Sending signal. PID: 11920 SIG: 9
03-16 01:30:32.293  1364  2008 I ActivityManager: Process com.samsung.android.app.galaxyfinder:appservice (pid 11920) has died: fg  SVC (193,2555)
03-16 01:30:32.293   843   843 I Zygote  : Process 11920 exited due to signal 9 (Killed)
03-16 01:30:32.294  1364  1484 I libprocessgroup: Successfully killed process cgroup uid 10063 pid 11920 in 0ms
03-16 01:30:32.306  1364  1470 W Looper  : Drained
03-16 01:30:32.312   593   593 D io_stats: !@ 179,0 r 16803678 274693102 w 7901513 178118396 d 0 0 f 0 0 iot 8636804 0 th 0 0 0 pt 0 inp 0 0 312793.852
03-16 01:30:32.349  1902  2001 D MobileStatusTracker(0/4): onDataActivity: direction=0
03-16 01:30:32.350  1902  2001 D MobileSignalController(0/4): notifyListener: enabled=true, connected=true, dataConnected=false, networkType=LTE/LTE_CA (4G+), emergencyOnly=false, roaming=false, isDefault=false, dataActivity=, level=4, ca=true, mmWave=false, disabledDataIcon=false, simCard=ETC
03-16 01:30:32.525   857   935 I hwcomposer: [HWCDisplay] [Display_0 (type:1)] fps:10.868575,dur:1104.10,max:107.09,min:72.76  
03-16 01:30:32.661   825   825 E audit   : type=1400 audit(1773606632.659:53320): avc:  denied  { write } for  pid=12385 comm="ThreadPoolForeg" name="traced_producer" dev="tmpfs" ino=13971 scontext=u:r:gmscore_app:s0:c512,c768 tcontext=u:object_r:traced_producer_socket:s0 tclass=sock_file permissive=0 SEPF_SM-A325F_12_0001 audit_filtered
03-16 01:30:32.661   825   825 E audit   : type=1300 audit(1773606632.659:53320): arch=c00000b7 syscall=203 success=no exit=-13 a0=6b a1=b400007557cad980 a2=1e a3=ffffffff964daef1 items=0 ppid=843 pid=12385 auid=4294967295 uid=10218 gid=10218 euid=10218 suid=10218 fsuid=10218 egid=10218 sgid=10218 fsgid=10218 tty=(none) ses=4294967295 comm="ThreadPoolForeg" exe="/system/bin/app_process64" subj=u:r:gmscore_app:s0:c512,c768 key=(null)
03-16 01:30:32.661   825   825 E audit   : type=1327 audit(1773606632.659:53320): proctitle="com.google.android.gms.persistent"
03-16 01:30:32.774   910   910 I BufferQueueProducer: [com.yourname.digital_arhat/com.yourname.digital_arhat.MainActivity$_4820#19521](this:0xb400007059560838,id:-1,api:0,p:-1,c:910) queueBuffer: fps=11.20 dur=1071.27 max=104.94 min=73.32
03-16 01:30:32.867  4109  4109 I SDHMS:LOAD: type: LoadsFreqs, value: 0:0:10:930620:1443000:850000:830819:1800000:500000:59:299:0
03-16 01:30:32.927  1902  2001 D MobileStatusTracker(0/4): onSignalStrengthsChanged level=4, vendorLevel=4
03-16 01:30:32.927  9826  9955 I EPDG -- SIM0 [SMARTCELLULAR]: onSignalStrengthsChanged: SignalStrength:{mCdma=Invalid,mGsm=Invalid,mWcdma=Invalid,mTdscdma=Invalid,mLte=CellSignalStrengthLte: rssi=-79 rsrp=-78 rsrq=-14 rssnr=3 cqiTableIndex=2147483647 cqi=2147483647 ta=2147483647 level=4 parametersUseForLevel=0,mNr=Invalid,SignalBarInfo{ lteLevel=4 },rat=14,primary=CellSignalStrengthLte}
03-16 01:30:32.927  9826 10071 I EPDG -- SIM0 [SMARTCELLULAR]: lastLteRSRP is -77 currentLteRSRP is -78 lastLteRSRQ is -13 currentLteRSRQ is -14 lastLteSNR is 2 currentLteSNR is 3
03-16 01:30:32.928  1902  2001 D MobileSignalController(0/4): notifyListener: enabled=true, connected=true, dataConnected=false, networkType=LTE/LTE_CA (4G+), emergencyOnly=false, roaming=false, isDefault=false, dataActivity=, level=4, ca=true, mmWave=false, disabledDataIcon=false, simCard=ETC
03-16 01:30:32.929  1902  2001 D NetworkController: SignalStrength from intent slotId=0
03-16 01:30:32.942  1364  1754 I SearchManagerService: _updateSearchables
03-16 01:30:32.963  1364  1754 W SearchableInfo: Invalid searchable metadata for com.samsung.android.messaging/.ui.view.main.picker.contact.ContactPickerActivity: Search label must be a resource reference.
03-16 01:30:33.002  1364  1364 I SemExecuteManagerService: handleMessage: MSG_START_SCAN received. Start scanning.
03-16 01:30:33.050  1364  1754 I SearchManagerService: _updateSearchables completed.
03-16 01:30:33.127 14927 14927 I ResourceOverlayService_0: waitAndQuit called
03-16 01:30:33.129 14927 14927 I ResourceOverlayService_0: activity user id 0 process id 0
03-16 01:30:33.669  1364  1399 I system_server: Background concurrent copying GC freed 25MB AllocSpace bytes, 9(192KB) LOS objects, 18% free, 105MB/129MB, paused 1.067ms,611us total 697.804ms
03-16 01:30:33.673   857   935 I hwcomposer: [HWCDisplay] [Display_0 (type:1)] fps:10.449217,dur:1148.41,max:167.30,min:79.15  
03-16 01:30:33.673  1854  1854 I WifiHAL : Get link layer stats
03-16 01:30:33.673  1854  1854 I WifiHAL : GetLinkStatsCommand::create
03-16 01:30:33.673  1854  1854 D android.hardware.wifi@1.0-service-lazy: WifiRequest::create vendor command to iface 40, vendor_id=0x1a11, subcmd=0x1200, res=0
03-16 01:30:33.673  1854  1854 I android.hardware.wifi@1.0-service-lazy: WifiCommand::requestResponse err=-95
03-16 01:30:33.674  1854  1854 I WifiHAL : wifi_get_link_stats: result=-3
03-16 01:30:33.675  1364  1719 E WifiVendorHal: getWifiLinkLayerStats_1_5_Internal(l.1179) failed {.code = ERROR_NOT_SUPPORTED, .description = }
03-16 01:30:33.680  1364  2988 D SemWifiUsabilityStatsMonitor: onWifiUsabilityStats - seqNum 48218, isSameBssidAndFreq true
03-16 01:30:33.681  1364  1792 I SemWifiLinkQualityMonitor: Link Qos query: inf. ms / 0 Mbps
03-16 01:30:33.681  1902  1902 D NetworkController.WifiSignalController: notifyListener: visible=true, connected=true, inetCondition=1, isDefault=true, wifiTestReported=true, receivedInetCondition=-1, hideDuringMobileSwitching=false
03-16 01:30:33.683  1902  2001 D Tile.WifiTile: handleUpdateState isTransient=false transientEnabling =false cb.isTransient=false state.state = 2 mStateBeforeClick.value =false enabled =true
03-16 01:30:33.703   910   910 I BufferQueueProducer: [StatusBar$_1902#83](this:0xb400007059158838,id:-1,api:0,p:-1,c:910) queueBuffer: fps=0.33 dur=3040.45 max=3040.45 min=3040.45
03-16 01:30:33.845   910   910 I BufferQueueProducer: [com.yourname.digital_arhat/com.yourname.digital_arhat.MainActivity$_4820#19521](this:0xb400007059560838,id:-1,api:0,p:-1,c:910) queueBuffer: fps=11.20 dur=1071.22 max=168.59 min=31.15
03-16 01:30:33.952  9880 10287 I SCS@AiSearch user 0: (AppsDataWorker) [androidx.work-1] entering in doWork():  
03-16 01:30:33.952  9880 10287 I SCS@AiSearch user 0: (AppsDataObserver) [androidx.work-1] entering in execute():  
03-16 01:30:33.952  9880 10287 I SCS@AiSearch user 0: (AppsDataObserver-CMD_UPDATE_LIST) changed package count: 1
03-16 01:30:33.970  9880 10287 I SCS@AiSearch user 0: (AppsDataObserver) [androidx.work-1] leaving from execute():  result is true
03-16 01:30:33.970  9880 10287 I SCS@AiSearch user 0: (AppsDataWorker) [androidx.work-1] leaving from doWork():  
03-16 01:30:33.972  9880 10140 I WM-WorkerWrapper: Worker result SUCCESS for Work [ id=142d0ac4-8d76-4e13-a8eb-dff6c07489ff, tags={ com.samsung.android.scs.ai.search.scheduling.workers.AppsDataWorker, CMD_UPDATE_LIST } ]
03-16 01:30:34.113  1902  2001 D MobileStatusTracker(0/4): onSignalStrengthsChanged level=4, vendorLevel=4
03-16 01:30:34.115  9826  9955 I EPDG -- SIM0 [SMARTCELLULAR]: onSignalStrengthsChanged: SignalStrength:{mCdma=Invalid,mGsm=Invalid,mWcdma=Invalid,mTdscdma=Invalid,mLte=CellSignalStrengthLte: rssi=-81 rsrp=-80 rsrq=-15 rssnr=3 cqiTableIndex=2147483647 cqi=2147483647 ta=2147483647 level=4 parametersUseForLevel=0,mNr=Invalid,SignalBarInfo{ lteLevel=4 },rat=14,primary=CellSignalStrengthLte}
03-16 01:30:34.115  1902  2001 D MobileSignalController(0/4): notifyListener: enabled=true, connected=true, dataConnected=false, networkType=LTE/LTE_CA (4G+), emergencyOnly=false, roaming=false, isDefault=false, dataActivity=, level=4, ca=true, mmWave=false, disabledDataIcon=false, simCard=ETC
03-16 01:30:34.120  9826 10071 I EPDG -- SIM0 [SMARTCELLULAR]: lastLteRSRP is -78 currentLteRSRP is -80 lastLteRSRQ is -14 currentLteRSRQ is -15 lastLteSNR is 3 currentLteSNR is 3
03-16 01:30:34.120  1902  2001 D NetworkController: SignalStrength from intent slotId=0
03-16 01:30:34.131 14927 14927 I ResourceOverlayService_0: waitAndQuit called
03-16 01:30:34.132 14927 14927 I ResourceOverlayService_0: activity user id 0 process id 0
03-16 01:30:34.683   857   935 I hwcomposer: [HWCDisplay] [Display_0 (type:1)] fps:11.878074,dur:1010.26,max:127.90,min:32.07  
03-16 01:30:34.873   825   825 E audit   : type=1400 audit(1773606634.871:53321): avc:  denied  { write } for  pid=25327 comm="ThreadPoolForeg" name="traced_producer" dev="tmpfs" ino=13971 scontext=u:r:gmscore_app:s0:c512,c768 tcontext=u:object_r:traced_producer_socket:s0 tclass=sock_file permissive=0 SEPF_SM-A325F_12_0001 audit_filtered
03-16 01:30:34.873   825   825 E audit   : type=1300 audit(1773606634.871:53321): arch=c00000b7 syscall=203 success=no exit=-13 a0=84 a1=b40000749fb1de60 a2=1e a3=ffffffff964daef1 items=0 ppid=843 pid=25327 auid=4294967295 uid=10218 gid=10218 euid=10218 suid=10218 fsuid=10218 egid=10218 sgid=10218 fsgid=10218 tty=(none) ses=4294967295 comm="ThreadPoolForeg" exe="/system/bin/app_process64" subj=u:r:gmscore_app:s0:c512,c768 key=(null)
03-16 01:30:34.873   825   825 E audit   : type=1327 audit(1773606634.871:53321): proctitle="com.google.android.gms"
03-16 01:30:34.932   910   910 I BufferQueueProducer: [com.yourname.digital_arhat/com.yourname.digital_arhat.MainActivity$_4820#19521](this:0xb400007059560838,id:-1,api:0,p:-1,c:910) queueBuffer: fps=11.04 dur=1086.75 max=126.49 min=47.26
03-16 01:30:35.134 14927 14927 I ResourceOverlayService_0: waitAndQuit called
03-16 01:30:35.135 14927 14927 I ResourceOverlayService_0: activity user id 0 process id 0
03-16 01:30:35.384  1902  2001 D MobileStatusTracker(0/4): onSignalStrengthsChanged level=4, vendorLevel=4
03-16 01:30:35.384  9826  9955 I EPDG -- SIM0 [SMARTCELLULAR]: onSignalStrengthsChanged: SignalStrength:{mCdma=Invalid,mGsm=Invalid,mWcdma=Invalid,mTdscdma=Invalid,mLte=CellSignalStrengthLte: rssi=-81 rsrp=-80 rsrq=-13 rssnr=6 cqiTableIndex=2147483647 cqi=2147483647 ta=2147483647 level=4 parametersUseForLevel=0,mNr=Invalid,SignalBarInfo{ lteLevel=4 },rat=14,primary=CellSignalStrengthLte}
03-16 01:30:35.385  9826 10071 I EPDG -- SIM0 [SMARTCELLULAR]: lastLteRSRP is -80 currentLteRSRP is -80 lastLteRSRQ is -15 currentLteRSRQ is -13 lastLteSNR is 3 currentLteSNR is 6
03-16 01:30:35.386  1902  2001 D MobileSignalController(0/4): notifyListener: enabled=true, connected=true, dataConnected=false, networkType=LTE/LTE_CA (4G+), emergencyOnly=false, roaming=false, isDefault=false, dataActivity=, level=4, ca=true, mmWave=false, disabledDataIcon=false, simCard=ETC
03-16 01:30:35.387  1902  2001 D NetworkController: SignalStrength from intent slotId=0
03-16 01:30:35.755   857   935 I hwcomposer: [HWCDisplay] [Display_0 (type:1)] fps:11.203983,dur:1071.05,max:110.68,min:78.85  
03-16 01:30:36.035   910   910 I BufferQueueProducer: [com.yourname.digital_arhat/com.yourname.digital_arhat.MainActivity$_4820#19521](this:0xb400007059560838,id:-1,api:0,p:-1,c:910) queueBuffer: fps=10.88 dur=1102.89 max=110.56 min=83.23
03-16 01:30:36.138 14927 14927 I ResourceOverlayService_0: waitAndQuit called
03-16 01:30:36.139 14927 14927 I ResourceOverlayService_0: activity user id 0 process id 0
03-16 01:30:36.314   593   593 D io_stats: !@ 179,0 r 16803679 274693106 w 7901541 178118984 d 0 0 f 0 0 iot 8636836 0 th 0 0 0 pt 0 inp 0 0 312797.853
03-16 01:30:36.443  1262  1262 D connsyslogger: Open FIFO for close
03-16 01:30:36.572  8924  8924 I wpa_supplicant: Heartbeat 6947
03-16 01:30:36.658  1902  2001 D MobileStatusTracker(0/4): onSignalStrengthsChanged level=4, vendorLevel=4
03-16 01:30:36.659  9826  9955 I EPDG -- SIM0 [SMARTCELLULAR]: onSignalStrengthsChanged: SignalStrength:{mCdma=Invalid,mGsm=Invalid,mWcdma=Invalid,mTdscdma=Invalid,mLte=CellSignalStrengthLte: rssi=-81 rsrp=-80 rsrq=-14 rssnr=4 cqiTableIndex=2147483647 cqi=2147483647 ta=2147483647 level=4 parametersUseForLevel=0,mNr=Invalid,SignalBarInfo{ lteLevel=4 },rat=14,primary=CellSignalStrengthLte}
03-16 01:30:36.659  9826 10071 I EPDG -- SIM0 [SMARTCELLULAR]: lastLteRSRP is -80 currentLteRSRP is -80 lastLteRSRQ is -13 currentLteRSRQ is -14 lastLteSNR is 6 currentLteSNR is 4
03-16 01:30:36.661  1902  2001 D MobileSignalController(0/4): notifyListener: enabled=true, connected=true, dataConnected=false, networkType=LTE/LTE_CA (4G+), emergencyOnly=false, roaming=false, isDefault=false, dataActivity=, level=4, ca=true, mmWave=false, disabledDataIcon=false, simCard=ETC
03-16 01:30:36.662  1902  2001 D NetworkController: SignalStrength from intent slotId=0
03-16 01:30:36.685  1854  1854 I WifiHAL : Get link layer stats
03-16 01:30:36.685  1854  1854 I WifiHAL : GetLinkStatsCommand::create
03-16 01:30:36.686  1854  1854 D android.hardware.wifi@1.0-service-lazy: WifiRequest::create vendor command to iface 40, vendor_id=0x1a11, subcmd=0x1200, res=0
03-16 01:30:36.686  1854  1854 I android.hardware.wifi@1.0-service-lazy: WifiCommand::requestResponse err=-95
03-16 01:30:36.686  1854  1854 I WifiHAL : wifi_get_link_stats: result=-3
03-16 01:30:36.687  1364  1719 E WifiVendorHal: getWifiLinkLayerStats_1_5_Internal(l.1179) failed {.code = ERROR_NOT_SUPPORTED, .description = }
03-16 01:30:36.694  1364  2988 D SemWifiUsabilityStatsMonitor: onWifiUsabilityStats - seqNum 48219, isSameBssidAndFreq true
03-16 01:30:36.696  1364  1792 I SemWifiLinkQualityMonitor: Link Qos query: inf. ms / 0 Mbps
03-16 01:30:36.696  1902  1902 D NetworkController.WifiSignalController: notifyListener: visible=true, connected=true, inetCondition=1, isDefault=true, wifiTestReported=true, receivedInetCondition=-1, hideDuringMobileSwitching=false
03-16 01:30:36.699  1902  2001 D Tile.WifiTile: handleUpdateState isTransient=false transientEnabling =false cb.isTransient=false state.state = 2 mStateBeforeClick.value =false enabled =true
03-16 01:30:36.733   910   910 I BufferQueueProducer: [StatusBar$_1902#83](this:0xb400007059158838,id:-1,api:0,p:-1,c:910) queueBuffer: fps=0.33 dur=3029.53 max=3029.53 min=3029.53
03-16 01:30:36.841   857   935 I hwcomposer: [HWCDisplay] [Display_0 (type:1)] fps:11.964042,dur:1086.59,max:106.45,min:15.96  
03-16 01:30:37.106   910   910 I BufferQueueProducer: [com.yourname.digital_arhat/com.yourname.digital_arhat.MainActivity$_4820#19521](this:0xb400007059560838,id:-1,api:0,p:-1,c:910) queueBuffer: fps=11.21 dur=1070.93 max=105.94 min=78.70
03-16 01:30:37.141 14927 14927 I ResourceOverlayService_0: waitAndQuit called
03-16 01:30:37.142 14927 14927 I ResourceOverlayService_0: activity user id 0 process id 0
03-16 01:30:37.928   857   935 I hwcomposer: [HWCDisplay] [Display_0 (type:1)] fps:11.036180,dur:1087.33,max:106.14,min:73.71  
03-16 01:30:37.941  1902  2001 D MobileStatusTracker(0/4): onSignalStrengthsChanged level=4, vendorLevel=4
03-16 01:30:37.942  9826  9955 I EPDG -- SIM0 [SMARTCELLULAR]: onSignalStrengthsChanged: SignalStrength:{mCdma=Invalid,mGsm=Invalid,mWcdma=Invalid,mTdscdma=Invalid,mLte=CellSignalStrengthLte: rssi=-81 rsrp=-80 rsrq=-17 rssnr=1 cqiTableIndex=2147483647 cqi=2147483647 ta=2147483647 level=4 parametersUseForLevel=0,mNr=Invalid,SignalBarInfo{ lteLevel=4 },rat=14,primary=CellSignalStrengthLte}
03-16 01:30:37.942  9826 10071 I EPDG -- SIM0 [SMARTCELLULAR]: lastLteRSRP is -80 currentLteRSRP is -80 lastLteRSRQ is -14 currentLteRSRQ is -17 lastLteSNR is 4 currentLteSNR is 1
03-16 01:30:37.943  1902  2001 D MobileSignalController(0/4): notifyListener: enabled=true, connected=true, dataConnected=false, networkType=LTE/LTE_CA (4G+), emergencyOnly=false, roaming=false, isDefault=false, dataActivity=, level=4, ca=true, mmWave=false, disabledDataIcon=false, simCard=ETC
03-16 01:30:37.945  1902  2001 D NetworkController: SignalStrength from intent slotId=0
03-16 01:30:38.144 14927 14927 I ResourceOverlayService_0: waitAndQuit called
03-16 01:30:38.146 14927 14927 I ResourceOverlayService_0: activity user id 0 process id 0
03-16 01:30:38.193   910   910 I BufferQueueProducer: [com.yourname.digital_arhat/com.yourname.digital_arhat.MainActivity$_4820#19521](this:0xb400007059560838,id:-1,api:0,p:-1,c:910) queueBuffer: fps=11.04 dur=1087.21 max=105.55 min=74.12
03-16 01:30:38.315   593   593 D io_stats: !@ 179,0 r 16803679 274693106 w 7901543 178118992 d 0 0 f 0 0 iot 8636840 0 th 0 0 0 pt 0 inp 0 0 312799.854
03-16 01:30:38.999   857   935 I hwcomposer: [HWCDisplay] [Display_0 (type:1)] fps:11.204662,dur:1070.98,max:126.07,min:62.87  
03-16 01:30:39.148 14927 14927 I ResourceOverlayService_0: waitAndQuit called
03-16 01:30:39.149 14927 14927 I ResourceOverlayService_0: activity user id 0 process id 0
03-16 01:30:39.217  1902  2001 D MobileStatusTracker(0/4): onSignalStrengthsChanged level=4, vendorLevel=4
03-16 01:30:39.218  9826  9955 I EPDG -- SIM0 [SMARTCELLULAR]: onSignalStrengthsChanged: SignalStrength:{mCdma=Invalid,mGsm=Invalid,mWcdma=Invalid,mTdscdma=Invalid,mLte=CellSignalStrengthLte: rssi=-81 rsrp=-80 rsrq=-15 rssnr=1 cqiTableIndex=2147483647 cqi=2147483647 ta=2147483647 level=4 parametersUseForLevel=0,mNr=Invalid,SignalBarInfo{ lteLevel=4 },rat=14,primary=CellSignalStrengthLte}
03-16 01:30:39.218  9826 10071 I EPDG -- SIM0 [SMARTCELLULAR]: lastLteRSRP is -80 currentLteRSRP is -80 lastLteRSRQ is -17 currentLteRSRQ is -15 lastLteSNR is 1 currentLteSNR is 1
03-16 01:30:39.223  1902  2001 D MobileSignalController(0/4): notifyListener: enabled=true, connected=true, dataConnected=false, networkType=LTE/LTE_CA (4G+), emergencyOnly=false, roaming=false, isDefault=false, dataActivity=, level=4, ca=true, mmWave=false, disabledDataIcon=false, simCard=ETC
03-16 01:30:39.223  1902  2001 D NetworkController: SignalStrength from intent slotId=0
03-16 01:30:39.264   910   910 I BufferQueueProducer: [com.yourname.digital_arhat/com.yourname.digital_arhat.MainActivity$_4820#19521](this:0xb400007059560838,id:-1,api:0,p:-1,c:910) queueBuffer: fps=11.20 dur=1071.29 max=126.50 min=62.94
03-16 01:30:39.701  1854  1854 I WifiHAL : Get link layer stats
03-16 01:30:39.702  1854  1854 I WifiHAL : GetLinkStatsCommand::create
03-16 01:30:39.702  1854  1854 D android.hardware.wifi@1.0-service-lazy: WifiRequest::create vendor command to iface 40, vendor_id=0x1a11, subcmd=0x1200, res=0
03-16 01:30:39.702  1854  1854 I android.hardware.wifi@1.0-service-lazy: WifiCommand::requestResponse err=-95
03-16 01:30:39.702  1854  1854 I WifiHAL : wifi_get_link_stats: result=-3
03-16 01:30:39.704  1364  1719 E WifiVendorHal: getWifiLinkLayerStats_1_5_Internal(l.1179) failed {.code = ERROR_NOT_SUPPORTED, .description = }
03-16 01:30:39.711  1364  2988 D SemWifiUsabilityStatsMonitor: onWifiUsabilityStats - seqNum 48220, isSameBssidAndFreq true
03-16 01:30:39.712  1364  1792 I SemWifiLinkQualityMonitor: Link Qos query: inf. ms / 0 Mbps
03-16 01:30:39.713  1902  1902 D NetworkController.WifiSignalController: notifyListener: visible=true, connected=true, inetCondition=1, isDefault=true, wifiTestReported=true, receivedInetCondition=-1, hideDuringMobileSwitching=false
03-16 01:30:39.716  1902  2001 D Tile.WifiTile: handleUpdateState isTransient=false transientEnabling =false cb.isTransient=false state.state = 2 mStateBeforeClick.value =false enabled =true
03-16 01:30:39.753   910   910 I BufferQueueProducer: [StatusBar$_1902#83](this:0xb400007059158838,id:-1,api:0,p:-1,c:910) queueBuffer: fps=0.33 dur=3019.99 max=3019.99 min=3019.99
03-16 01:30:40.075   857   935 I hwcomposer: [HWCDisplay] [Display_0 (type:1)] fps:12.088701,dur:1075.38,max:95.11,min:42.67  
03-16 01:30:40.151 14927 14927 I ResourceOverlayService_0: waitAndQuit called
03-16 01:30:40.152 14927 14927 I ResourceOverlayService_0: activity user id 0 process id 0
03-16 01:30:40.340   910   910 I BufferQueueProducer: [com.yourname.digital_arhat/com.yourname.digital_arhat.MainActivity$_4820#19521](this:0xb400007059560838,id:-1,api:0,p:-1,c:910) queueBuffer: fps=11.15 dur=1075.78 max=94.86 min=82.78
03-16 01:30:40.499  1902  2001 D MobileStatusTracker(0/4): onSignalStrengthsChanged level=4, vendorLevel=4
03-16 01:30:40.500  9826  9955 I EPDG -- SIM0 [SMARTCELLULAR]: onSignalStrengthsChanged: SignalStrength:{mCdma=Invalid,mGsm=Invalid,mWcdma=Invalid,mTdscdma=Invalid,mLte=CellSignalStrengthLte: rssi=-81 rsrp=-80 rsrq=-15 rssnr=0 cqiTableIndex=2147483647 cqi=2147483647 ta=2147483647 level=4 parametersUseForLevel=0,mNr=Invalid,SignalBarInfo{ lteLevel=4 },rat=14,primary=CellSignalStrengthLte}
03-16 01:30:40.500  9826 10071 I EPDG -- SIM0 [SMARTCELLULAR]: lastLteRSRP is -80 currentLteRSRP is -80 lastLteRSRQ is -15 currentLteRSRQ is -15 lastLteSNR is 1 currentLteSNR is 0
03-16 01:30:40.504  1902  2001 D MobileSignalController(0/4): notifyListener: enabled=true, connected=true, dataConnected=false, networkType=LTE/LTE_CA (4G+), emergencyOnly=false, roaming=false, isDefault=false, dataActivity=, level=4, ca=true, mmWave=false, disabledDataIcon=false, simCard=ETC
03-16 01:30:40.504  1902  2001 D NetworkController: SignalStrength from intent slotId=0
03-16 01:30:41.146   857   935 I hwcomposer: [HWCDisplay] [Display_0 (type:1)] fps:11.203893,dur:1071.06,max:111.71,min:73.46  
03-16 01:30:41.155 14927 14927 I ResourceOverlayService_0: waitAndQuit called
03-16 01:30:41.156 14927 14927 I ResourceOverlayService_0: activity user id 0 process id 0
03-16 01:30:41.344   910   910 I BufferQueueProducer: [com.yourname.digital_arhat/com.yourname.digital_arhat.MainActivity$_4820#19521](this:0xb400007059560838,id:-1,api:0,p:-1,c:910) queueBuffer: fps=10.96 dur=1003.82 max=110.61 min=73.36
03-16 01:30:41.397  1364 11951 D WifiConnectivityMonitor.DnsThread:  [|204]
03-16 01:30:41.398  1364  1810 D WifiConnectivityMonitor.NetworkStatsAnalyzer: DNS resultType : 0, responseTime : 204
03-16 01:30:41.400  1364  1808 D OpenNetworkQos[4.00]: updateBssidLatestDnsResultType - result: 0
03-16 01:30:41.400  1364  1808 D OpenNetworkQos[4.00]: updateBssidNoInternet: mBssidNoInternet = false
03-16 01:30:41.400  1364  1808 D OpenNetworkQos[4.00]: getOpenNetworkQosNoInternetStatus: false
03-16 01:30:41.400  1364  1808 D OpenNetworkQos[4.00]: getOpenNetworkQosScores: 23 23 16 
03-16 01:30:41.400  1364  1808 D SettingsProvider: isChangeAllowed() : name = wifi_wcm_qos_sharing_score_summary
03-16 01:30:41.401  1364  1808 I WifiProfileShare: network QoS data was changed (internet), updateQoSData networkType: true, qosData: false
03-16 01:30:41.402  1364  2885 V WifiProfileShare.Caster: update wips network, size: 0
03-16 01:30:41.402  1364  2885 D WifiProfileShare: nearby scanning settings run
03-16 01:30:41.402  1364  2885 D WifiProfileShare: network score provider settings enabled
03-16 01:30:41.403  1364  2885 D OpenNetworkQos[4.00]: getOpenNetworkQosScores: 23 23 16 
03-16 01:30:41.403  1364  2885 D OpenNetworkQos[4.00]: getOpenNetworkQosNoInternetStatus: false
03-16 01:30:41.403  1364  2885 I WifiProfileShare.Caster: current network type: 0, score: [23, 23, 16]
03-16 01:30:41.404  1364  2885 V WifiProfileShare.Cache: update network score e0:61:4a:**:**:71
03-16 01:30:41.405  1364  2885 D WifiProfileShare.ScanMatcher: getMcfDataList size:1
03-16 01:30:41.405  1364  2885 I WifiProfileShare.Caster: qos data was updated , before:type:QOS, pBssid:8d:24:91, qosData:5d after:type:QOS, pBssid:8d:24:91, qosData:5d
03-16 01:30:41.406  1364  2885 I [MCFSDK_android_1.2.4010]_4_b: isNetworkEnabled - type : 1 ret : true
03-16 01:30:41.406  1364  2885 D WifiProfileShare.McfCast: -ME--- mIsNetworkEnabled :true
03-16 01:30:41.407  1364  2885 D WifiProfileShare.McfCast: updateQoSData ignored, same contents
03-16 01:30:41.407  1364  2885 D WifiProfileShare.MCF: success update QosData !
03-16 01:30:41.408  1364  2885 I [MCFSDK_android_1.2.4010]_4_b: isNetworkEnabled - type : 1 ret : true
03-16 01:30:41.408  1364  2885 D WifiProfileShare.McfCast: -ME--- mIsNetworkEnabled :true
03-16 01:30:41.408  1364  2885 D WifiProfileShare.McfCast: -ME--- updatePasswordDate pwdData size:1
03-16 01:30:41.443  1262  1262 D connsyslogger: Open FIFO for close
03-16 01:30:41.626  1364  1790 I SemWifiServiceDetector: Traff. tracking started
03-16 01:30:41.782  1902  2001 D MobileStatusTracker(0/4): onSignalStrengthsChanged level=4, vendorLevel=4
03-16 01:30:41.783  9826  9955 I EPDG -- SIM0 [SMARTCELLULAR]: onSignalStrengthsChanged: SignalStrength:{mCdma=Invalid,mGsm=Invalid,mWcdma=Invalid,mTdscdma=Invalid,mLte=CellSignalStrengthLte: rssi=-81 rsrp=-80 rsrq=-16 rssnr=0 cqiTableIndex=2147483647 cqi=2147483647 ta=2147483647 level=4 parametersUseForLevel=0,mNr=Invalid,SignalBarInfo{ lteLevel=4 },rat=14,primary=CellSignalStrengthLte}
03-16 01:30:41.784  9826 10071 I EPDG -- SIM0 [SMARTCELLULAR]: lastLteRSRP is -80 currentLteRSRP is -80 lastLteRSRQ is -15 currentLteRSRQ is -16 lastLteSNR is 0 currentLteSNR is 0
03-16 01:30:41.790  1902  2001 D MobileSignalController(0/4): notifyListener: enabled=true, connected=true, dataConnected=false, networkType=LTE/LTE_CA (4G+), emergencyOnly=false, roaming=false, isDefault=false, dataActivity=, level=4, ca=true, mmWave=false, disabledDataIcon=false, simCard=ETC
03-16 01:30:41.790  1902  2001 D NetworkController: SignalStrength from intent slotId=0
03-16 01:30:42.002  1364  1868 I ActivityManager: Killing 10159:com.samsung.android.messaging/u0a104 (adj 999): empty #31
03-16 01:30:42.052   843   843 I Zygote  : Process 10159 exited due to signal 9 (Killed)
03-16 01:30:42.052  2243 14268 I CapabilityServiceEventListener<0>: unregisterListener: com.sec.internal.ims.servicemodules.options.SemCapabilityDiscoveryService$CapabilityServiceEventCallBack@964ddda
03-16 01:30:42.057  1364  1484 I libprocessgroup: Successfully killed process cgroup uid 10104 pid 10159 in 51ms
03-16 01:30:42.116   871   914 I libPerfCtl: xgfGetFPS pid:-1 fps:0
03-16 01:30:42.117   871   914 I libPerfCtl: xgfGetFPS ioctl_ret:-1
03-16 01:30:42.128  1364  1790 D SemNscXgbMsL1: Probability - Cloud gaming: [0.04415229]
03-16 01:30:42.128  1364  1790 D SemNscXgbMsL1: Probability - Real time: [0.10864212]
03-16 01:30:42.129  1364  1790 D SemNscXgbMsL1: Probability - Non real time: [0.915227]
03-16 01:30:42.129  1364  1790 D SemNscXgbMsL1: 1 sample inference time: 1.114077 msecs
03-16 01:30:42.131  1364  1790 D SemNscXgbL2Rt: L2 RT 1 sample inference time: 1.767385 msecs
03-16 01:30:42.133  1364  1790 D SemNscXgbL2Nrt: L2 NRT 1 sample inference time: 1.547385 msecs
03-16 01:30:42.158 14927 14927 I ResourceOverlayService_0: waitAndQuit called
03-16 01:30:42.159 14927 14927 I ResourceOverlayService_0: activity user id 0 process id 0
03-16 01:30:42.217   857   935 I hwcomposer: [HWCDisplay] [Display_0 (type:1)] fps:11.204285,dur:1071.02,max:106.57,min:73.27  
03-16 01:30:42.316   593   593 D io_stats: !@ 179,0 r 16803686 274693262 w 7901550 178119240 d 0 0 f 0 0 iot 8636876 0 th 0 0 0 pt 0 inp 0 0 312803.855
03-16 01:30:42.415   910   910 I BufferQueueProducer: [com.yourname.digital_arhat/com.yourname.digital_arhat.MainActivity$_4820#19521](this:0xb400007059560838,id:-1,api:0,p:-1,c:910) queueBuffer: fps=11.20 dur=1071.13 max=106.09 min=73.78
03-16 01:30:42.634  1364  1790 D SemNscXgbMsL1: Probability - Cloud gaming: [0.04415229]
03-16 01:30:42.635  1364  1790 D SemNscXgbMsL1: Probability - Real time: [0.10864212]
03-16 01:30:42.635  1364  1790 D SemNscXgbMsL1: Probability - Non real time: [0.915227]
03-16 01:30:42.635  1364  1790 D SemNscXgbMsL1: 1 sample inference time: 0.982692 msecs
03-16 01:30:42.637  1364  1790 D SemNscXgbL2Rt: L2 RT 1 sample inference time: 1.774769 msecs
03-16 01:30:42.638  1364  1790 D SemNscXgbL2Nrt: L2 NRT 1 sample inference time: 1.204 msecs
03-16 01:30:42.716  1854  1854 I WifiHAL : Get link layer stats
03-16 01:30:42.717  1854  1854 I WifiHAL : GetLinkStatsCommand::create
03-16 01:30:42.717  1854  1854 D android.hardware.wifi@1.0-service-lazy: WifiRequest::create vendor command to iface 40, vendor_id=0x1a11, subcmd=0x1200, res=0
03-16 01:30:42.717  1854  1854 I android.hardware.wifi@1.0-service-lazy: WifiCommand::requestResponse err=-95
03-16 01:30:42.717  1854  1854 I WifiHAL : wifi_get_link_stats: result=-3
03-16 01:30:42.718  1364  1719 E WifiVendorHal: getWifiLinkLayerStats_1_5_Internal(l.1179) failed {.code = ERROR_NOT_SUPPORTED, .description = }
03-16 01:30:42.725  1364  2988 D SemWifiUsabilityStatsMonitor: onWifiUsabilityStats - seqNum 48221, isSameBssidAndFreq true
03-16 01:30:42.726  1364  1792 I SemWifiLinkQualityMonitor: Link Qos query: inf. ms / 0 Mbps
03-16 01:30:42.970  4109  4109 I SDHMS:LOAD: type: LoadsFreqs, value: 0:0:10:889119:1443000:850000:661400:1800000:500000:47:299:0
03-16 01:30:43.058  1902  2001 D MobileStatusTracker(0/4): onSignalStrengthsChanged level=4, vendorLevel=4
03-16 01:30:43.059  9826  9955 I EPDG -- SIM0 [SMARTCELLULAR]: onSignalStrengthsChanged: SignalStrength:{mCdma=Invalid,mGsm=Invalid,mWcdma=Invalid,mTdscdma=Invalid,mLte=CellSignalStrengthLte: rssi=-81 rsrp=-80 rsrq=-16 rssnr=1 cqiTableIndex=2147483647 cqi=2147483647 ta=2147483647 level=4 parametersUseForLevel=0,mNr=Invalid,SignalBarInfo{ lteLevel=4 },rat=14,primary=CellSignalStrengthLte}
03-16 01:30:43.059  9826 10071 I EPDG -- SIM0 [SMARTCELLULAR]: lastLteRSRP is -80 currentLteRSRP is -80 lastLteRSRQ is -16 currentLteRSRQ is -16 lastLteSNR is 0 currentLteSNR is 1
03-16 01:30:43.060  1902  2001 D MobileSignalController(0/4): notifyListener: enabled=true, connected=true, dataConnected=false, networkType=LTE/LTE_CA (4G+), emergencyOnly=false, roaming=false, isDefault=false, dataActivity=, level=4, ca=true, mmWave=false, disabledDataIcon=false, simCard=ETC
03-16 01:30:43.061  1902  2001 D NetworkController: SignalStrength from intent slotId=0
03-16 01:30:43.140  1364  1790 D SemNscXgbMsL1: Probability - Cloud gaming: [0.04415229]
03-16 01:30:43.141  1364  1790 D SemNscXgbMsL1: Probability - Real time: [0.10864212]
03-16 01:30:43.141  1364  1790 D SemNscXgbMsL1: Probability - Non real time: [0.915227]
03-16 01:30:43.141  1364  1790 D SemNscXgbMsL1: 1 sample inference time: 1.276308 msecs
03-16 01:30:43.143  1364  1790 D SemNscXgbL2Rt: L2 RT 1 sample inference time: 2.013615 msecs
03-16 01:30:43.145  1364  1790 D SemNscXgbL2Nrt: L2 NRT 1 sample inference time: 1.548308 msecs
03-16 01:30:43.162 14927 14927 I ResourceOverlayService_0: waitAndQuit called
03-16 01:30:43.163 14927 14927 I ResourceOverlayService_0: activity user id 0 process id 0
03-16 01:30:43.237   857   935 I hwcomposer: [HWCDisplay] [Display_0 (type:1)] fps:10.782053,dur:1020.21,max:106.79,min:78.61  
03-16 01:30:43.502   910   910 I BufferQueueProducer: [com.yourname.digital_arhat/com.yourname.digital_arhat.MainActivity$_4820#19521](this:0xb400007059560838,id:-1,api:0,p:-1,c:910) queueBuffer: fps=11.04 dur=1086.82 max=106.03 min=78.52
03-16 01:30:43.646  1364  1790 D SemNscXgbMsL1: Probability - Cloud gaming: [0.04415229]
03-16 01:30:43.647  1364  1790 D SemNscXgbMsL1: Probability - Real time: [0.10864212]
03-16 01:30:43.647  1364  1790 D SemNscXgbMsL1: Probability - Non real time: [0.915227]
03-16 01:30:43.647  1364  1790 D SemNscXgbMsL1: 1 sample inference time: 1.039154 msecs
03-16 01:30:43.649  1364  1790 D SemNscXgbL2Rt: L2 RT 1 sample inference time: 1.722769 msecs
03-16 01:30:43.651  1364  1790 D SemNscXgbL2Nrt: L2 NRT 1 sample inference time: 1.249923 msecs
03-16 01:30:44.152  1364  1790 D SemNscXgbMsL1: Probability - Cloud gaming: [0.04415229]
03-16 01:30:44.153  1364  1790 D SemNscXgbMsL1: Probability - Real time: [0.10864212]
03-16 01:30:44.153  1364  1790 D SemNscXgbMsL1: Probability - Non real time: [0.915227]
03-16 01:30:44.153  1364  1790 D SemNscXgbMsL1: 1 sample inference time: 1.090384 msecs
03-16 01:30:44.155  1364  1790 D SemNscXgbL2Rt: L2 RT 1 sample inference time: 1.612 msecs
03-16 01:30:44.156  1364  1790 D SemNscXgbL2Nrt: L2 NRT 1 sample inference time: 1.294538 msecs
03-16 01:30:44.164 14927 14927 I ResourceOverlayService_0: waitAndQuit called
03-16 01:30:44.166 14927 14927 I ResourceOverlayService_0: activity user id 0 process id 0
03-16 01:30:44.309   857   935 I hwcomposer: [HWCDisplay] [Display_0 (type:1)] fps:11.198611,dur:1071.56,max:95.01,min:82.61  
03-16 01:30:44.339  9826  9955 I EPDG -- SIM0 [SMARTCELLULAR]: onSignalStrengthsChanged: SignalStrength:{mCdma=Invalid,mGsm=Invalid,mWcdma=Invalid,mTdscdma=Invalid,mLte=CellSignalStrengthLte: rssi=-81 rsrp=-80 rsrq=-14 rssnr=1 cqiTableIndex=2147483647 cqi=2147483647 ta=2147483647 level=4 parametersUseForLevel=0,mNr=Invalid,SignalBarInfo{ lteLevel=4 },rat=14,primary=CellSignalStrengthLte}
03-16 01:30:44.339  1902  2001 D MobileStatusTracker(0/4): onSignalStrengthsChanged level=4, vendorLevel=4
03-16 01:30:44.340  9826 10071 I EPDG -- SIM0 [SMARTCELLULAR]: lastLteRSRP is -80 currentLteRSRP is -80 lastLteRSRQ is -16 currentLteRSRQ is -14 lastLteSNR is 1 currentLteSNR is 1
03-16 01:30:44.342  1902  2001 D MobileSignalController(0/4): notifyListener: enabled=true, connected=true, dataConnected=false, networkType=LTE/LTE_CA (4G+), emergencyOnly=false, roaming=false, isDefault=false, dataActivity=, level=4, ca=true, mmWave=false, disabledDataIcon=false, simCard=ETC
03-16 01:30:44.342  1902  2001 D NetworkController: SignalStrength from intent slotId=0
03-16 01:30:44.574   910   910 I BufferQueueProducer: [com.yourname.digital_arhat/com.yourname.digital_arhat.MainActivity$_4820#19521](this:0xb400007059560838,id:-1,api:0,p:-1,c:910) queueBuffer: fps=11.20 dur=1071.86 max=99.89 min=79.14
03-16 01:30:44.594  1364  1790 I SemWifiServiceDetector: Traff. tracking stopped
03-16 01:30:45.169 14927 14927 I ResourceOverlayService_0: waitAndQuit called
03-16 01:30:45.170 14927 14927 I ResourceOverlayService_0: activity user id 0 process id 0
03-16 01:30:45.395   857   935 I hwcomposer: [HWCDisplay] [Display_0 (type:1)] fps:11.047996,dur:1086.17,max:106.03,min:78.86  
03-16 01:30:45.619  1902  2001 D MobileStatusTracker(0/4): onSignalStrengthsChanged level=4, vendorLevel=4
03-16 01:30:45.620  9826  9955 I EPDG -- SIM0 [SMARTCELLULAR]: onSignalStrengthsChanged: SignalStrength:{mCdma=Invalid,mGsm=Invalid,mWcdma=Invalid,mTdscdma=Invalid,mLte=CellSignalStrengthLte: rssi=-81 rsrp=-80 rsrq=-13 rssnr=1 cqiTableIndex=2147483647 cqi=2147483647 ta=2147483647 level=4 parametersUseForLevel=0,mNr=Invalid,SignalBarInfo{ lteLevel=4 },rat=14,primary=CellSignalStrengthLte}
03-16 01:30:45.621  9826 10071 I EPDG -- SIM0 [SMARTCELLULAR]: lastLteRSRP is -80 currentLteRSRP is -80 lastLteRSRQ is -14 currentLteRSRQ is -13 lastLteSNR is 1 currentLteSNR is 1
03-16 01:30:45.621  1902  2001 D MobileSignalController(0/4): notifyListener: enabled=true, connected=true, dataConnected=false, networkType=LTE/LTE_CA (4G+), emergencyOnly=false, roaming=false, isDefault=false, dataActivity=, level=4, ca=true, mmWave=false, disabledDataIcon=false, simCard=ETC
03-16 01:30:45.623  1902  2001 D NetworkController: SignalStrength from intent slotId=0
03-16 01:30:45.660   910   910 I BufferQueueProducer: [com.yourname.digital_arhat/com.yourname.digital_arhat.MainActivity$_4820#19521](this:0xb400007059560838,id:-1,api:0,p:-1,c:910) queueBuffer: fps=11.05 dur=1086.39 max=105.63 min=78.85
03-16 01:30:45.730  1854  1854 I WifiHAL : Get link layer stats
03-16 01:30:45.730  1854  1854 I WifiHAL : GetLinkStatsCommand::create
03-16 01:30:45.731  1854  1854 D android.hardware.wifi@1.0-service-lazy: WifiRequest::create vendor command to iface 40, vendor_id=0x1a11, subcmd=0x1200, res=0
03-16 01:30:45.731  1854  1854 I android.hardware.wifi@1.0-service-lazy: WifiCommand::requestResponse err=-95
03-16 01:30:45.731  1854  1854 I WifiHAL : wifi_get_link_stats: result=-3
03-16 01:30:45.732  1364  1719 E WifiVendorHal: getWifiLinkLayerStats_1_5_Internal(l.1179) failed {.code = ERROR_NOT_SUPPORTED, .description = }
03-16 01:30:45.739  1364  2988 D SemWifiUsabilityStatsMonitor: onWifiUsabilityStats - seqNum 48222, isSameBssidAndFreq true
03-16 01:30:45.742  1364  1792 I SemWifiLinkQualityMonitor: Link Qos query: inf. ms / 0 Mbps
03-16 01:30:45.741  1902  1902 D NetworkController.WifiSignalController: notifyListener: visible=true, connected=true, inetCondition=1, isDefault=true, wifiTestReported=true, receivedInetCondition=-1, hideDuringMobileSwitching=false
03-16 01:30:45.745  1902  2001 D Tile.WifiTile: handleUpdateState isTransient=false transientEnabling =false cb.isTransient=false state.state = 2 mStateBeforeClick.value =false enabled =true
03-16 01:30:45.786   910   910 I BufferQueueProducer: [StatusBar$_1902#83](this:0xb400007059158838,id:-1,api:0,p:-1,c:910) queueBuffer: fps=0.17 dur=6033.63 max=6033.63 min=6033.63
03-16 01:30:46.173 14927 14927 I ResourceOverlayService_0: waitAndQuit called
03-16 01:30:46.174 14927 14927 I ResourceOverlayService_0: activity user id 0 process id 0
03-16 01:30:46.444  1262  1262 D connsyslogger: Open FIFO for close
03-16 01:30:46.467   857   935 I hwcomposer: [HWCDisplay] [Display_0 (type:1)] fps:12.126651,dur:1072.02,max:105.98,min:43.48  
03-16 01:30:46.582  8924  8924 I wpa_supplicant: Heartbeat 6948
03-16 01:30:46.731   910   910 I BufferQueueProducer: [com.yourname.digital_arhat/com.yourname.digital_arhat.MainActivity$_4820#19521](this:0xb400007059560838,id:-1,api:0,p:-1,c:910) queueBuffer: fps=11.20 dur=1071.38 max=105.61 min=78.96
03-16 01:30:46.897  1902  2001 D MobileStatusTracker(0/4): onSignalStrengthsChanged level=4, vendorLevel=4
03-16 01:30:46.897  9826  9955 I EPDG -- SIM0 [SMARTCELLULAR]: onSignalStrengthsChanged: SignalStrength:{mCdma=Invalid,mGsm=Invalid,mWcdma=Invalid,mTdscdma=Invalid,mLte=CellSignalStrengthLte: rssi=-81 rsrp=-80 rsrq=-14 rssnr=3 cqiTableIndex=2147483647 cqi=2147483647 ta=2147483647 level=4 parametersUseForLevel=0,mNr=Invalid,SignalBarInfo{ lteLevel=4 },rat=14,primary=CellSignalStrengthLte}
03-16 01:30:46.898  9826 10071 I EPDG -- SIM0 [SMARTCELLULAR]: lastLteRSRP is -80 currentLteRSRP is -80 lastLteRSRQ is -13 currentLteRSRQ is -14 lastLteSNR is 1 currentLteSNR is 3
03-16 01:30:46.899  1902  2001 D MobileSignalController(0/4): notifyListener: enabled=true, connected=true, dataConnected=false, networkType=LTE/LTE_CA (4G+), emergencyOnly=false, roaming=false, isDefault=false, dataActivity=, level=4, ca=true, mmWave=false, disabledDataIcon=false, simCard=ETC
03-16 01:30:46.902  1902  2001 D NetworkController: SignalStrength from intent slotId=0
03-16 01:30:47.176 14927 14927 I ResourceOverlayService_0: waitAndQuit called
03-16 01:30:47.177 14927 14927 I ResourceOverlayService_0: activity user id 0 process id 0
03-16 01:30:47.325  1364  2169 V MdnieScenarioControlService: burn_in_prevention_mode(), enabled : true, mBurnInDisableAppEnabled : false , mAutoBrightnessMode : true, mHighBrightnessModeEnabled : false , mBurnInPreventionACL : false , platform_brightness_value : 120 , BURN_IN_PREVENTION_SUPPORT_VALUE : 143 , mBurnInPreventionEnabled : false , mGameAppLauncher : false
03-16 01:30:47.554   857   935 I hwcomposer: [HWCDisplay] [Display_0 (type:1)] fps:11.038698,dur:1087.08,max:109.43,min:73.68  
03-16 01:30:47.740   910   910 I BufferQueueProducer: [com.yourname.digital_arhat/com.yourname.digital_arhat.MainActivity$_4820#19521](this:0xb400007059560838,id:-1,api:0,p:-1,c:910) queueBuffer: fps=10.91 dur=1008.51 max=110.25 min=73.36
03-16 01:30:48.177  1902  2001 D MobileStatusTracker(0/4): onSignalStrengthsChanged level=4, vendorLevel=4
03-16 01:30:48.178  9826  9955 I EPDG -- SIM0 [SMARTCELLULAR]: onSignalStrengthsChanged: SignalStrength:{mCdma=Invalid,mGsm=Invalid,mWcdma=Invalid,mTdscdma=Invalid,mLte=CellSignalStrengthLte: rssi=-81 rsrp=-80 rsrq=-14 rssnr=4 cqiTableIndex=2147483647 cqi=2147483647 ta=2147483647 level=4 parametersUseForLevel=0,mNr=Invalid,SignalBarInfo{ lteLevel=4 },rat=14,primary=CellSignalStrengthLte}
03-16 01:30:48.179  9826 10071 I EPDG -- SIM0 [SMARTCELLULAR]: lastLteRSRP is -80 currentLteRSRP is -80 lastLteRSRQ is -14 currentLteRSRQ is -14 lastLteSNR is 3 currentLteSNR is 4
03-16 01:30:48.180 14927 14927 I ResourceOverlayService_0: waitAndQuit called
03-16 01:30:48.180  1902  2001 D MobileSignalController(0/4): notifyListener: enabled=true, connected=true, dataConnected=false, networkType=LTE/LTE_CA (4G+), emergencyOnly=false, roaming=false, isDefault=false, dataActivity=, level=4, ca=true, mmWave=false, disabledDataIcon=false, simCard=ETC
03-16 01:30:48.181 14927 14927 I ResourceOverlayService_0: activity user id 0 process id 0
03-16 01:30:48.186  1902  2001 D NetworkController: SignalStrength from intent slotId=0
03-16 01:30:48.625   857   935 I hwcomposer: [HWCDisplay] [Display_0 (type:1)] fps:11.205592,dur:1070.89,max:110.39,min:78.35  
03-16 01:30:48.745  1854  1854 I WifiHAL : Get link layer stats
03-16 01:30:48.745  1854  1854 I WifiHAL : GetLinkStatsCommand::create
03-16 01:30:48.745  1854  1854 D android.hardware.wifi@1.0-service-lazy: WifiRequest::create vendor command to iface 40, vendor_id=0x1a11, subcmd=0x1200, res=0
03-16 01:30:48.745  1854  1854 I android.hardware.wifi@1.0-service-lazy: WifiCommand::requestResponse err=-95
03-16 01:30:48.745  1854  1854 I WifiHAL : wifi_get_link_stats: result=-3
03-16 01:30:48.746  1364  1719 E WifiVendorHal: getWifiLinkLayerStats_1_5_Internal(l.1179) failed {.code = ERROR_NOT_SUPPORTED, .description = }
03-16 01:30:48.754  1364  2988 D SemWifiUsabilityStatsMonitor: onWifiUsabilityStats - seqNum 48223, isSameBssidAndFreq true
03-16 01:30:48.755  1364  1792 I SemWifiLinkQualityMonitor: Link Qos query: inf. ms / 0 Mbps
03-16 01:30:48.800   910   910 I BufferQueueProducer: [com.yourname.digital_arhat/com.yourname.digital_arhat.MainActivity$_4820#19521](this:0xb400007059560838,id:-1,api:0,p:-1,c:910) queueBuffer: fps=11.32 dur=1059.88 max=94.85 min=78.29
03-16 01:30:49.183 14927 14927 I ResourceOverlayService_0: waitAndQuit called
03-16 01:30:49.185 14927 14927 I ResourceOverlayService_0: activity user id 0 process id 0
03-16 01:30:49.456  1902  2001 D MobileStatusTracker(0/4): onSignalStrengthsChanged level=4, vendorLevel=4
03-16 01:30:49.457  9826  9955 I EPDG -- SIM0 [SMARTCELLULAR]: onSignalStrengthsChanged: SignalStrength:{mCdma=Invalid,mGsm=Invalid,mWcdma=Invalid,mTdscdma=Invalid,mLte=CellSignalStrengthLte: rssi=-81 rsrp=-80 rsrq=-14 rssnr=3 cqiTableIndex=2147483647 cqi=2147483647 ta=2147483647 level=4 parametersUseForLevel=0,mNr=Invalid,SignalBarInfo{ lteLevel=4 },rat=14,primary=CellSignalStrengthLte}
03-16 01:30:49.457  9826 10071 I EPDG -- SIM0 [SMARTCELLULAR]: lastLteRSRP is -80 currentLteRSRP is -80 lastLteRSRQ is -14 currentLteRSRQ is -14 lastLteSNR is 4 currentLteSNR is 3
